192.168.5.101 - - [02/Oct/2012:09:34:08 +0200] "GET /favicon.ico HTTP/1.1" 404 209 "-" "Mozilla/5.0 (Windows NT 6.1; rv:10.0.2) Gecko/20100101 Firefox/10.0.2"
192.168.9.48 - - [02/Oct/2012:09:34:15 +0200] "GET /temps/5IF40.html HTTP/1.1" 304 - "http://intranet-if.insa-lyon.fr/temps/choix_5if.html" "Mozilla/5.0 (Windows NT 6.1; WOW64; rv:15.0) Gecko/20100101 Firefox/15.0.1"
192.168.5.101 - - [02/Oct/2012:09:34:25 +0200] "GET /dns/vlan.php?vlan=104 HTTP/1.1" 200 76701 "http://intranet-if:90/dns/" "Mozilla/5.0 (Windows NT 6.1; rv:10.0.2) Gecko/20100101 Firefox/10.0.2"
192.168.9.48 - - [02/Oct/2012:09:34:25 +0200] "GET /temps/5IF41.html HTTP/1.1" 200 23919 "http://intranet-if.insa-lyon.fr/temps/5IF40.html" "Mozilla/5.0 (Windows NT 6.1; WOW64; rv:15.0) Gecko/20100101 Firefox/15.0.1"
192.168.5.101 - - [02/Oct/2012:09:34:25 +0200] "GET /dns/images/down.gif HTTP/1.1" 200 120 "http://intranet-if:90/dns/vlan.php?vlan=104" "Mozilla/5.0 (Windows NT 6.1; rv:10.0.2) Gecko/20100101 Firefox/10.0.2"
192.168.5.101 - - [02/Oct/2012:09:34:25 +0200] "GET /dns/images/b_props.png HTTP/1.1" 200 294 "http://intranet-if:90/dns/vlan.php?vlan=104" "Mozilla/5.0 (Windows NT 6.1; rv:10.0.2) Gecko/20100101 Firefox/10.0.2"
192.168.5.101 - - [02/Oct/2012:09:34:25 +0200] "GET /dns/images/up.gif HTTP/1.1" 200 113 "http://intranet-if:90/dns/vlan.php?vlan=104" "Mozilla/5.0 (Windows NT 6.1; rv:10.0.2) Gecko/20100101 Firefox/10.0.2"
192.168.9.48 - - [02/Oct/2012:09:35:04 +0200] "GET /temps/5IF42.html HTTP/1.1" 304 - "http://intranet-if.insa-lyon.fr/temps/5IF41.html" "Mozilla/5.0 (Windows NT 6.1; WOW64; rv:15.0) Gecko/20100101 Firefox/15.0.1"
192.168.9.48 - - [02/Oct/2012:09:35:10 +0200] "GET /temps/5IF43.html HTTP/1.1" 304 - "http://intranet-if.insa-lyon.fr/temps/5IF42.html" "Mozilla/5.0 (Windows NT 6.1; WOW64; rv:15.0) Gecko/20100101 Firefox/15.0.1"
192.168.6.238 - - [02/Oct/2012:09:35:34 +0200] "GET /temps/3IF40.html HTTP/1.1" 304 - "http://intranet-if.insa-lyon.fr/temps/3IF41.html" "Mozilla/5.0 (Windows NT 6.1; WOW64; rv:14.0) Gecko/20100101 Firefox/14.0.1"
192.168.15.150 - - [02/Oct/2012:09:36:35 +0200] "GET /temps/3IF3.ics HTTP/1.1" 200 107407 "-" "iOS/6.0 (10A403) dataaccessd/1.0"
192.168.1.88 - - [02/Oct/2012:09:38:46 +0200] "GET /notesif/saisie2007/ HTTP/1.1" 302 467 "-" "Mozilla/5.0 (Macintosh; Intel Mac OS X 10_7_3) AppleWebKit/537.4 (KHTML, like Gecko) Chrome/22.0.1229.79 Safari/537.4"
192.168.1.88 - - [02/Oct/2012:09:38:51 +0200] "GET /notesif/saisie2007/?ticket=ST-181957-piS5iLRDco0TLOESRz4r-dsi-vm04 HTTP/1.1" 302 - "-" "Mozilla/5.0 (Macintosh; Intel Mac OS X 10_7_3) AppleWebKit/537.4 (KHTML, like Gecko) Chrome/22.0.1229.79 Safari/537.4"
192.168.1.88 - - [02/Oct/2012:09:38:51 +0200] "GET /notesif/saisie2007/ HTTP/1.1" 200 41705 "-" "Mozilla/5.0 (Macintosh; Intel Mac OS X 10_7_3) AppleWebKit/537.4 (KHTML, like Gecko) Chrome/22.0.1229.79 Safari/537.4"
192.168.1.88 - - [02/Oct/2012:09:38:52 +0200] "GET /notesif/saisie2007/Images/titre_saisie.gif HTTP/1.1" 200 4911 "http://intranet-if.insa-lyon.fr/notesif/saisie2007/" "Mozilla/5.0 (Macintosh; Intel Mac OS X 10_7_3) AppleWebKit/537.4 (KHTML, like Gecko) Chrome/22.0.1229.79 Safari/537.4"
192.168.1.88 - - [02/Oct/2012:09:38:52 +0200] "GET /notesif/saisie2007/Images/consultation_a.bmp HTTP/1.1" 200 1630 "http://intranet-if.insa-lyon.fr/notesif/saisie2007/" "Mozilla/5.0 (Macintosh; Intel Mac OS X 10_7_3) AppleWebKit/537.4 (KHTML, like Gecko) Chrome/22.0.1229.79 Safari/537.4"
192.168.1.88 - - [02/Oct/2012:09:38:52 +0200] "GET /notesif/saisie2007/Images/consultation_1.bmp HTTP/1.1" 200 1630 "http://intranet-if.insa-lyon.fr/notesif/saisie2007/" "Mozilla/5.0 (Macintosh; Intel Mac OS X 10_7_3) AppleWebKit/537.4 (KHTML, like Gecko) Chrome/22.0.1229.79 Safari/537.4"
192.168.1.88 - - [02/Oct/2012:09:38:52 +0200] "GET /notesif/saisie2007/Images/consultation_2.bmp HTTP/1.1" 200 1630 "http://intranet-if.insa-lyon.fr/notesif/saisie2007/" "Mozilla/5.0 (Macintosh; Intel Mac OS X 10_7_3) AppleWebKit/537.4 (KHTML, like Gecko) Chrome/22.0.1229.79 Safari/537.4"
192.168.1.88 - - [02/Oct/2012:09:38:52 +0200] "GET /notesif/saisie2007/Images/consultation_3.bmp HTTP/1.1" 200 1630 "http://intranet-if.insa-lyon.fr/notesif/saisie2007/" "Mozilla/5.0 (Macintosh; Intel Mac OS X 10_7_3) AppleWebKit/537.4 (KHTML, like Gecko) Chrome/22.0.1229.79 Safari/537.4"
192.168.1.88 - - [02/Oct/2012:09:38:52 +0200] "GET /notesif/saisie2007/Images/export.bmp HTTP/1.1" 200 1630 "http://intranet-if.insa-lyon.fr/notesif/saisie2007/" "Mozilla/5.0 (Macintosh; Intel Mac OS X 10_7_3) AppleWebKit/537.4 (KHTML, like Gecko) Chrome/22.0.1229.79 Safari/537.4"
192.168.1.88 - - [02/Oct/2012:09:38:52 +0200] "GET /notesif/saisie2007/Images/upload_a.bmp HTTP/1.1" 200 1630 "http://intranet-if.insa-lyon.fr/notesif/saisie2007/" "Mozilla/5.0 (Macintosh; Intel Mac OS X 10_7_3) AppleWebKit/537.4 (KHTML, like Gecko) Chrome/22.0.1229.79 Safari/537.4"
192.168.1.88 - - [02/Oct/2012:09:38:52 +0200] "GET /notesif/saisie2007/Images/upload_1.bmp HTTP/1.1" 200 1630 "http://intranet-if.insa-lyon.fr/notesif/saisie2007/" "Mozilla/5.0 (Macintosh; Intel Mac OS X 10_7_3) AppleWebKit/537.4 (KHTML, like Gecko) Chrome/22.0.1229.79 Safari/537.4"
192.168.1.88 - - [02/Oct/2012:09:38:52 +0200] "GET /notesif/saisie2007/api_notes/functions.js HTTP/1.1" 200 9991 "http://intranet-if.insa-lyon.fr/notesif/saisie2007/" "Mozilla/5.0 (Macintosh; Intel Mac OS X 10_7_3) AppleWebKit/537.4 (KHTML, like Gecko) Chrome/22.0.1229.79 Safari/537.4"
192.168.1.88 - - [02/Oct/2012:09:38:52 +0200] "GET /notesif/saisie2007/Images/upload_2.bmp HTTP/1.1" 200 1630 "http://intranet-if.insa-lyon.fr/notesif/saisie2007/" "Mozilla/5.0 (Macintosh; Intel Mac OS X 10_7_3) AppleWebKit/537.4 (KHTML, like Gecko) Chrome/22.0.1229.79 Safari/537.4"
192.168.1.88 - - [02/Oct/2012:09:38:52 +0200] "GET /notesif/saisie2007/Images/upload_3.bmp HTTP/1.1" 200 1630 "http://intranet-if.insa-lyon.fr/notesif/saisie2007/" "Mozilla/5.0 (Macintosh; Intel Mac OS X 10_7_3) AppleWebKit/537.4 (KHTML, like Gecko) Chrome/22.0.1229.79 Safari/537.4"
192.168.1.88 - - [02/Oct/2012:09:38:52 +0200] "GET /notesif/saisie2007/Images/import.bmp HTTP/1.1" 200 1630 "http://intranet-if.insa-lyon.fr/notesif/saisie2007/" "Mozilla/5.0 (Macintosh; Intel Mac OS X 10_7_3) AppleWebKit/537.4 (KHTML, like Gecko) Chrome/22.0.1229.79 Safari/537.4"
192.168.1.88 - - [02/Oct/2012:09:38:52 +0200] "GET /notesif/saisie2007/Images/neutraliser.jpg HTTP/1.1" 200 932 "http://intranet-if.insa-lyon.fr/notesif/saisie2007/" "Mozilla/5.0 (Macintosh; Intel Mac OS X 10_7_3) AppleWebKit/537.4 (KHTML, like Gecko) Chrome/22.0.1229.79 Safari/537.4"
192.168.1.88 - - [02/Oct/2012:09:38:56 +0200] "GET /notesif/saisie2007/_classement4IF.php HTTP/1.1" 200 66372 "http://intranet-if.insa-lyon.fr/notesif/saisie2007/" "Mozilla/5.0 (Macintosh; Intel Mac OS X 10_7_3) AppleWebKit/537.4 (KHTML, like Gecko) Chrome/22.0.1229.79 Safari/537.4"
192.168.1.88 - - [02/Oct/2012:09:39:05 +0200] "GET /notesif/saisie2007/_classement4IF.php HTTP/1.1" 200 66372 "http://intranet-if.insa-lyon.fr/notesif/saisie2007/" "Mozilla/5.0 (Macintosh; Intel Mac OS X 10_7_3) AppleWebKit/537.4 (KHTML, like Gecko) Chrome/22.0.1229.79 Safari/537.4"
192.168.1.88 - - [02/Oct/2012:09:39:14 +0200] "GET /notesif/saisie2007/_classement4IF.php HTTP/1.1" 200 66372 "http://intranet-if.insa-lyon.fr/notesif/saisie2007/" "Mozilla/5.0 (Macintosh; Intel Mac OS X 10_7_3) AppleWebKit/537.4 (KHTML, like Gecko) Chrome/22.0.1229.79 Safari/537.4"
192.168.13.75 - - [02/Oct/2012:09:41:10 +0200] "GET /notesif/RSS/RSS_3IF.xml HTTP/1.1" 200 95847 "-" "Feedfetcher-Google; (+http://www.google.com/feedfetcher.html; 2 subscribers; feed-id=16425187501328177924)"
192.168.2.57 - - [02/Oct/2012:09:42:17 +0200] "GET /notesif HTTP/1.1" 301 248 "-" "Mozilla/5.0 (Windows NT 5.1; rv:15.0) Gecko/20100101 Firefox/15.0.1"
192.168.2.57 - - [02/Oct/2012:09:42:17 +0200] "GET /notesif/ HTTP/1.1" 302 - "-" "Mozilla/5.0 (Windows NT 5.1; rv:15.0) Gecko/20100101 Firefox/15.0.1"
192.168.4.103 - - [02/Oct/2012:09:42:18 +0200] "GET /temps/3IF2.ics HTTP/1.1" 200 108082 "-" "Mozilla/5.0 (compatible; Googlebot/2.1; +http://www.google.com/bot.html)"
192.168.4.229 - - [02/Oct/2012:09:43:02 +0200] "GET /favicon.ico HTTP/1.1" 200 1700 "-" "Mozilla/4.0 (compatible; MSIE 7.0; Windows NT 5.1; Trident/4.0; .NET CLR 2.0.50727; 360space)"
192.168.9.48 - - [02/Oct/2012:09:43:07 +0200] "GET /temps/5IF44.html HTTP/1.1" 200 5207 "http://intranet-if.insa-lyon.fr/temps/5IF43.html" "Mozilla/5.0 (Windows NT 6.1; WOW64; rv:15.0) Gecko/20100101 Firefox/15.0.1"
192.168.13.208 - - [02/Oct/2012:09:43:22 +0200] "GET /temps/4IF1.ics HTTP/1.1" 304 - "-" "iOS/6.0 (10A403) dataaccessd/1.0"
192.168.9.207 - - [02/Oct/2012:09:43:37 +0200] "GET /temps/2FC40.html HTTP/1.1" 200 10798 "http://intranet-if.insa-lyon.fr/temps/" "Mozilla/5.0 (Windows NT 6.1; WOW64) AppleWebKit/535.11 (KHTML, like Gecko) Chrome/17.0.963.83 Safari/535.11"
192.168.9.207 - - [02/Oct/2012:09:43:44 +0200] "GET /temps/index.html HTTP/1.1" 200 6835 "http://intranet-if.insa-lyon.fr/temps/2FC40.html" "Mozilla/5.0 (Windows NT 6.1; WOW64) AppleWebKit/535.11 (KHTML, like Gecko) Chrome/17.0.963.83 Safari/535.11"
192.168.9.207 - - [02/Oct/2012:09:43:47 +0200] "GET /temps/5IF40.html HTTP/1.1" 304 - "http://intranet-if.insa-lyon.fr/temps/index.html" "Mozilla/5.0 (Windows NT 6.1; WOW64) AppleWebKit/535.11 (KHTML, like Gecko) Chrome/17.0.963.83 Safari/535.11"
192.168.8.223 - - [02/Oct/2012:09:44:23 +0200] "GET /temps/ HTTP/1.1" 200 6835 "http://www.google.fr/search?hl=fr&safe=active&site=&source=hp&q=emploi+du+temps+3if+insa&oq=emploi+du+temps+3if+&gs_l=mobile-gws-hp.1.0.0i30.7062.17997.0.19304.22.11.0.11.11.0.1256.2590.0j7j1j7-1.9.0...0.0...1ac.1.mK0wJcQG_VI" "Mozilla/5.0 (Linux; U; Android 2.3.7; fr-fr; SonyEricssonST25i-o Build/6.0.B.3.184) AppleWebKit/533.1 (KHTML, like Gecko) Version/4.0 Mobile Safari/533.1"
192.168.8.223 - - [02/Oct/2012:09:44:23 +0200] "GET /temps/style_emploi_du_temps.css HTTP/1.1" 200 1216 "http://intranet-if.insa-lyon.fr/temps/" "Mozilla/5.0 (Linux; U; Android 2.3.7; fr-fr; SonyEricssonST25i-o Build/6.0.B.3.184) AppleWebKit/533.1 (KHTML, like Gecko) Version/4.0 Mobile Safari/533.1"
192.168.8.223 - - [02/Oct/2012:09:44:24 +0200] "GET /temps/FondInsa.jpg HTTP/1.1" 200 2828 "http://intranet-if.insa-lyon.fr/temps/" "Mozilla/5.0 (Linux; U; Android 2.3.7; fr-fr; SonyEricssonST25i-o Build/6.0.B.3.184) AppleWebKit/533.1 (KHTML, like Gecko) Version/4.0 Mobile Safari/533.1"
192.168.8.223 - - [02/Oct/2012:09:44:24 +0200] "GET /temps/InsaIF.ico HTTP/1.1" 200 766 "http://intranet-if.insa-lyon.fr/temps/" "Mozilla/5.0 (Linux; U; Android 2.3.7; fr-fr; SonyEricssonST25i-o Build/6.0.B.3.184) AppleWebKit/533.1 (KHTML, like Gecko) Version/4.0 Mobile Safari/533.1"
192.168.8.223 - - [02/Oct/2012:09:44:42 +0200] "GET /temps/3IF40.html HTTP/1.1" 200 23794 "http://intranet-if.insa-lyon.fr/temps/" "Mozilla/5.0 (Linux; U; Android 2.3.7; fr-fr; SonyEricssonST25i-o Build/6.0.B.3.184) AppleWebKit/533.1 (KHTML, like Gecko) Version/4.0 Mobile Safari/533.1"
192.168.8.223 - - [02/Oct/2012:09:44:43 +0200] "GET /temps/precedent.gif HTTP/1.1" 200 1906 "http://intranet-if.insa-lyon.fr/temps/3IF40.html" "Mozilla/5.0 (Linux; U; Android 2.3.7; fr-fr; SonyEricssonST25i-o Build/6.0.B.3.184) AppleWebKit/533.1 (KHTML, like Gecko) Version/4.0 Mobile Safari/533.1"
192.168.8.223 - - [02/Oct/2012:09:44:43 +0200] "GET /temps/suivant.gif HTTP/1.1" 200 1634 "http://intranet-if.insa-lyon.fr/temps/3IF40.html" "Mozilla/5.0 (Linux; U; Android 2.3.7; fr-fr; SonyEricssonST25i-o Build/6.0.B.3.184) AppleWebKit/533.1 (KHTML, like Gecko) Version/4.0 Mobile Safari/533.1"
192.168.8.223 - - [02/Oct/2012:09:44:46 +0200] "GET /temps/choix.gif HTTP/1.1" 200 2836 "http://intranet-if.insa-lyon.fr/temps/3IF40.html" "Mozilla/5.0 (Linux; U; Android 2.3.7; fr-fr; SonyEricssonST25i-o Build/6.0.B.3.184) AppleWebKit/533.1 (KHTML, like Gecko) Version/4.0 Mobile Safari/533.1"
192.168.12.76 - - [02/Oct/2012:09:45:51 +0200] "GET /temps/4IF3.ics HTTP/1.1" 304 - "-" "Mozilla/5.0 (Windows NT 6.1; rv:15.0) Gecko/20120907 Thunderbird/15.0.1 Lightning/1.7"
192.168.15.151 - - [02/Oct/2012:09:47:09 +0200] "GET /SiteWebIF/Intranet-etudiant.php HTTP/1.1" 200 1815 "-" "Mozilla/5.0 (X11; Linux x86_64) AppleWebKit/536.11 (KHTML, like Gecko) Ubuntu/12.04 Chromium/20.0.1132.47 Chrome/20.0.1132.47 Safari/536.11"
192.168.4.229 - - [02/Oct/2012:09:47:22 +0200] "GET /SiteWebIF/Intranet-etudiant.php HTTP/1.1" 302 477 "-" "Mozilla/4.0 (compatible; MSIE 7.0; Windows NT 6.0; Trident/5.0; SLCC1; .NET CLR 2.0.50727; Media Center PC 5.0; .NET CLR 3.5.30729; .NET CLR 3.0.30729; OfficeLiveConnector.1.5; OfficeLivePatch.1.3; .NET4.0C; ShopperReports 3.0.497.0; SRS_IT_E8790570B1765C5436AA97; InfoPath.3; .NET4.0E; 4399Box.1357; 4399Box.1326; 4399Box.1357)"
192.168.4.229 - - [02/Oct/2012:09:47:24 +0200] "GET /SiteWebIF/Intranet-etudiant.php?ticket=ST-179698-RaTNgRiudqxAf4IisMeb-dsi-vm03 HTTP/1.1" 302 - "-" "Mozilla/4.0 (compatible; MSIE 7.0; Windows NT 6.0; Trident/5.0; SLCC1; .NET CLR 2.0.50727; Media Center PC 5.0; .NET CLR 3.5.30729; .NET CLR 3.0.30729; OfficeLiveConnector.1.5; OfficeLivePatch.1.3; .NET4.0C; ShopperReports 3.0.497.0; SRS_IT_E8790570B1765C5436AA97; InfoPath.3; .NET4.0E; 4399Box.1357; 4399Box.1326; 4399Box.1357)"
192.168.4.229 - - [02/Oct/2012:09:47:25 +0200] "GET /SiteWebIF/Intranet-etudiant.php HTTP/1.1" 200 3791 "-" "Mozilla/4.0 (compatible; MSIE 7.0; Windows NT 6.0; Trident/5.0; SLCC1; .NET CLR 2.0.50727; Media Center PC 5.0; .NET CLR 3.5.30729; .NET CLR 3.0.30729; OfficeLiveConnector.1.5; OfficeLivePatch.1.3; .NET4.0C; ShopperReports 3.0.497.0; SRS_IT_E8790570B1765C5436AA97; InfoPath.3; .NET4.0E; 4399Box.1357; 4399Box.1326; 4399Box.1357)"
192.168.4.229 - - [02/Oct/2012:09:47:25 +0200] "GET /stages/bandeauFinal.jpg HTTP/1.1" 200 50390 "http://intranet-if.insa-lyon.fr/SiteWebIF/Intranet-etudiant.php" "Mozilla/4.0 (compatible; MSIE 7.0; Windows NT 6.0; Trident/5.0; SLCC1; .NET CLR 2.0.50727; Media Center PC 5.0; .NET CLR 3.5.30729; .NET CLR 3.0.30729; OfficeLiveConnector.1.5; OfficeLivePatch.1.3; .NET4.0C; ShopperReports 3.0.497.0; SRS_IT_E8790570B1765C5436AA97; InfoPath.3; .NET4.0E; 4399Box.1357; 4399Box.1326; 4399Box.1357)"
192.168.4.229 - - [02/Oct/2012:09:47:25 +0200] "GET /stages/FondInsa.jpg HTTP/1.1" 200 2828 "http://intranet-if.insa-lyon.fr/SiteWebIF/Intranet-etudiant.php" "Mozilla/4.0 (compatible; MSIE 7.0; Windows NT 6.0; Trident/5.0; SLCC1; .NET CLR 2.0.50727; Media Center PC 5.0; .NET CLR 3.5.30729; .NET CLR 3.0.30729; OfficeLiveConnector.1.5; OfficeLivePatch.1.3; .NET4.0C; ShopperReports 3.0.497.0; SRS_IT_E8790570B1765C5436AA97; InfoPath.3; .NET4.0E; 4399Box.1357; 4399Box.1326; 4399Box.1357)"
192.168.4.229 - - [02/Oct/2012:09:47:27 +0200] "GET /temps/FondInsa.jpg HTTP/1.1" 200 2828 "http://intranet-if.insa-lyon.fr/temps/" "Mozilla/4.0 (compatible; MSIE 7.0; Windows NT 6.0; Trident/5.0; SLCC1; .NET CLR 2.0.50727; Media Center PC 5.0; .NET CLR 3.5.30729; .NET CLR 3.0.30729; OfficeLiveConnector.1.5; OfficeLivePatch.1.3; .NET4.0C; ShopperReports 3.0.497.0; SRS_IT_E8790570B1765C5436AA97; InfoPath.3; .NET4.0E; 4399Box.1357; 4399Box.1326; 4399Box.1357)"
192.168.4.229 - - [02/Oct/2012:09:47:30 +0200] "GET /temps/5IF40.html HTTP/1.1" 200 17045 "-" "Mozilla/4.0 (compatible; MSIE 7.0; Windows NT 6.0; Trident/5.0; SLCC1; .NET CLR 2.0.50727; Media Center PC 5.0; .NET CLR 3.5.30729; .NET CLR 3.0.30729; OfficeLiveConnector.1.5; OfficeLivePatch.1.3; .NET4.0C; ShopperReports 3.0.497.0; SRS_IT_E8790570B1765C5436AA97; InfoPath.3; .NET4.0E; 4399Box.1357; 4399Box.1326; 4399Box.1357)"
192.168.4.229 - - [02/Oct/2012:09:47:30 +0200] "GET /temps/choix.gif HTTP/1.1" 200 2836 "http://intranet-if.insa-lyon.fr/temps/5IF40.html" "Mozilla/4.0 (compatible; MSIE 7.0; Windows NT 6.0; Trident/5.0; SLCC1; .NET CLR 2.0.50727; Media Center PC 5.0; .NET CLR 3.5.30729; .NET CLR 3.0.30729; OfficeLiveConnector.1.5; OfficeLivePatch.1.3; .NET4.0C; ShopperReports 3.0.497.0; SRS_IT_E8790570B1765C5436AA97; InfoPath.3; .NET4.0E; 4399Box.1357; 4399Box.1326; 4399Box.1357)"
192.168.4.229 - - [02/Oct/2012:09:47:30 +0200] "GET /temps/suivant.gif HTTP/1.1" 200 1634 "http://intranet-if.insa-lyon.fr/temps/5IF40.html" "Mozilla/4.0 (compatible; MSIE 7.0; Windows NT 6.0; Trident/5.0; SLCC1; .NET CLR 2.0.50727; Media Center PC 5.0; .NET CLR 3.5.30729; .NET CLR 3.0.30729; OfficeLiveConnector.1.5; OfficeLivePatch.1.3; .NET4.0C; ShopperReports 3.0.497.0; SRS_IT_E8790570B1765C5436AA97; InfoPath.3; .NET4.0E; 4399Box.1357; 4399Box.1326; 4399Box.1357)"
192.168.4.229 - - [02/Oct/2012:09:47:30 +0200] "GET /temps/precedent.gif HTTP/1.1" 200 1906 "http://intranet-if.insa-lyon.fr/temps/5IF40.html" "Mozilla/4.0 (compatible; MSIE 7.0; Windows NT 6.0; Trident/5.0; SLCC1; .NET CLR 2.0.50727; Media Center PC 5.0; .NET CLR 3.5.30729; .NET CLR 3.0.30729; OfficeLiveConnector.1.5; OfficeLivePatch.1.3; .NET4.0C; ShopperReports 3.0.497.0; SRS_IT_E8790570B1765C5436AA97; InfoPath.3; .NET4.0E; 4399Box.1357; 4399Box.1326; 4399Box.1357)"
192.168.7.90 - - [02/Oct/2012:09:47:54 +0200] "GET /temps/5IF.ics HTTP/1.1" 200 126500 "-" "DataAccess/1.0 (8J2)"
192.168.10.159 - - [02/Oct/2012:09:49:19 +0200] "GET /temps/ HTTP/1.1" 200 6835 "http://www.google.fr/url?sa=t&rct=j&q=edt%203if&source=web&cd=1&ved=0CCUQFjAA&url=http%3A%2F%2Fintranet-if.insa-lyon.fr%2Ftemps%2F&ei=fZxqUPWFFsiEhQeS5oCABQ&usg=AFQjCNEWrHsRdIlhli_31qYl94w-yMCjpw" "Mozilla/5.0 (X11; Linux i686; rv:10.0.5) Gecko/20120606 Firefox/10.0.5"
192.168.10.159 - - [02/Oct/2012:09:49:21 +0200] "GET /temps/3IF40.html HTTP/1.1" 200 23794 "http://intranet-if.insa-lyon.fr/temps/" "Mozilla/5.0 (X11; Linux i686; rv:10.0.5) Gecko/20120606 Firefox/10.0.5"
192.168.4.229 - - [02/Oct/2012:09:49:43 +0200] "GET /SiteWebIF/Intranet-etudiant.php HTTP/1.1" 200 1815 "-" "Mozilla/4.0 (compatible; MSIE 7.0; Windows NT 6.0; Trident/5.0; SLCC1; .NET CLR 2.0.50727; Media Center PC 5.0; .NET CLR 3.5.30729; .NET CLR 3.0.30729; OfficeLiveConnector.1.5; OfficeLivePatch.1.3; .NET4.0C; ShopperReports 3.0.497.0; SRS_IT_E8790570B1765C5436AA97; InfoPath.3; .NET4.0E; 4399Box.1357; 4399Box.1326; 4399Box.1357)"
192.168.15.67 - - [02/Oct/2012:09:50:41 +0200] "GET /temps/5IF42.html HTTP/1.1" 304 - "http://intranet-if.insa-lyon.fr/temps/5IF43.html" "Mozilla/5.0 (Windows NT 6.0; rv:15.0) Gecko/20100101 Firefox/15.0.1"
192.168.15.67 - - [02/Oct/2012:09:50:44 +0200] "GET /temps/5IF41.html HTTP/1.1" 200 23919 "http://intranet-if.insa-lyon.fr/temps/5IF42.html" "Mozilla/5.0 (Windows NT 6.0; rv:15.0) Gecko/20100101 Firefox/15.0.1"
192.168.15.67 - - [02/Oct/2012:09:50:46 +0200] "GET /temps/5IF40.html HTTP/1.1" 200 17045 "http://intranet-if.insa-lyon.fr/temps/5IF41.html" "Mozilla/5.0 (Windows NT 6.0; rv:15.0) Gecko/20100101 Firefox/15.0.1"
192.168.1.210 - - [02/Oct/2012:09:54:33 +0200] "GET /temps/3IF3.ics HTTP/1.1" 200 107407 "-" "iOS/6.0 (10A403) dataaccessd/1.0"
192.168.4.200 - - [02/Oct/2012:09:55:22 +0200] "GET /temps/5013S.jpg HTTP/1.1" 200 81533 "http://intranet-if.insa-lyon.fr/temps/3IF40.html" "Mozilla/5.0 (Windows NT 6.1; WOW64; rv:15.0) Gecko/20100101 Firefox/15.0.1"
192.168.1.87 - - [02/Oct/2012:09:56:30 +0200] "GET /temps/TA.ics HTTP/1.1" 304 - "-" "Mozilla/5.0 (Windows NT 5.1; rv:12.0) Gecko/20120428 Thunderbird/12.0.1 Lightning/1.4"
192.168.9.53 - - [02/Oct/2012:09:57:32 +0200] "GET /apple-touch-icon-precomposed.png HTTP/1.1" 404 230 "-" "Mozilla/5.0 (Linux; Android 4.0.4; GT-I9300 Build/IMM76D) AppleWebKit/535.19 (KHTML, like Gecko) Chrome/18.0.1025.166 Mobile Safari/535.19"
192.168.9.53 - - [02/Oct/2012:09:57:32 +0200] "GET /apple-touch-icon.png HTTP/1.1" 404 218 "-" "Mozilla/5.0 (Linux; Android 4.0.4; GT-I9300 Build/IMM76D) AppleWebKit/535.19 (KHTML, like Gecko) Chrome/18.0.1025.166 Mobile Safari/535.19"
192.168.3.147 - - [02/Oct/2012:09:58:35 +0200] "GET /temps/ HTTP/1.1" 200 6835 "http://www.google.fr/url?sa=t&rct=j&q=&esrc=s&source=web&cd=1&ved=0CCAQFjAA&url=http%3A%2F%2Fintranet-if.insa-lyon.fr%2Ftemps%2F&ei=qp5qUNSfEpSShgfw3YCYDg&usg=AFQjCNEWrHsRdIlhli_31qYl94w-yMCjpw" "Mozilla/5.0 (Windows NT 5.1; rv:13.0) Gecko/20100101 Firefox/13.0.1"
192.168.3.147 - - [02/Oct/2012:09:58:35 +0200] "GET /temps/style_emploi_du_temps.css HTTP/1.1" 200 1216 "http://intranet-if.insa-lyon.fr/temps/" "Mozilla/5.0 (Windows NT 5.1; rv:13.0) Gecko/20100101 Firefox/13.0.1"
192.168.3.147 - - [02/Oct/2012:09:58:35 +0200] "GET /temps/InsaIF.ico HTTP/1.1" 200 766 "-" "Mozilla/5.0 (Windows NT 5.1; rv:13.0) Gecko/20100101 Firefox/13.0.1"
192.168.3.147 - - [02/Oct/2012:09:58:35 +0200] "GET /temps/FondInsa.jpg HTTP/1.1" 200 2828 "http://intranet-if.insa-lyon.fr/temps/style_emploi_du_temps.css" "Mozilla/5.0 (Windows NT 5.1; rv:13.0) Gecko/20100101 Firefox/13.0.1"
192.168.3.147 - - [02/Oct/2012:09:58:38 +0200] "GET /temps/4IF40.html HTTP/1.1" 200 19670 "http://intranet-if.insa-lyon.fr/temps/" "Mozilla/5.0 (Windows NT 5.1; rv:13.0) Gecko/20100101 Firefox/13.0.1"
192.168.3.147 - - [02/Oct/2012:09:58:38 +0200] "GET /temps/precedent.gif HTTP/1.1" 200 1906 "http://intranet-if.insa-lyon.fr/temps/4IF40.html" "Mozilla/5.0 (Windows NT 5.1; rv:13.0) Gecko/20100101 Firefox/13.0.1"
192.168.3.147 - - [02/Oct/2012:09:58:38 +0200] "GET /temps/choix.gif HTTP/1.1" 200 2836 "http://intranet-if.insa-lyon.fr/temps/4IF40.html" "Mozilla/5.0 (Windows NT 5.1; rv:13.0) Gecko/20100101 Firefox/13.0.1"
192.168.3.147 - - [02/Oct/2012:09:58:38 +0200] "GET /temps/suivant.gif HTTP/1.1" 200 1634 "http://intranet-if.insa-lyon.fr/temps/4IF40.html" "Mozilla/5.0 (Windows NT 5.1; rv:13.0) Gecko/20100101 Firefox/13.0.1"
192.168.7.232 - - [02/Oct/2012:09:58:42 +0200] "GET /apple-touch-icon-precomposed.png HTTP/1.1" 404 230 "-" "Mozilla/5.0 (Linux; Android 4.0.3; ARCHOS 80G9 Build/MR1) AppleWebKit/535.19 (KHTML, like Gecko) Chrome/18.0.1025.166  Safari/535.19"
192.168.7.232 - - [02/Oct/2012:09:58:42 +0200] "GET /apple-touch-icon.png HTTP/1.1" 404 218 "-" "Mozilla/5.0 (Linux; Android 4.0.3; ARCHOS 80G9 Build/MR1) AppleWebKit/535.19 (KHTML, like Gecko) Chrome/18.0.1025.166  Safari/535.19"
192.168.3.147 - - [02/Oct/2012:09:59:08 +0200] "GET /temps/4IF41.html HTTP/1.1" 200 18307 "http://intranet-if.insa-lyon.fr/temps/4IF40.html" "Mozilla/5.0 (Windows NT 5.1; rv:13.0) Gecko/20100101 Firefox/13.0.1"
192.168.15.67 - - [02/Oct/2012:09:59:14 +0200] "GET /temps/5IF40.html HTTP/1.1" 200 17045 "http://intranet-if.insa-lyon.fr/temps/5IF41.html" "Mozilla/5.0 (Windows NT 6.0; rv:15.0) Gecko/20100101 Firefox/15.0.1"
192.168.15.67 - - [02/Oct/2012:09:59:14 +0200] "GET /temps/style_emploi_du_temps.css HTTP/1.1" 304 - "http://intranet-if.insa-lyon.fr/temps/5IF40.html" "Mozilla/5.0 (Windows NT 6.0; rv:15.0) Gecko/20100101 Firefox/15.0.1"
192.168.15.67 - - [02/Oct/2012:09:59:14 +0200] "GET /temps/FondInsa.jpg HTTP/1.1" 304 - "http://intranet-if.insa-lyon.fr/temps/style_emploi_du_temps.css" "Mozilla/5.0 (Windows NT 6.0; rv:15.0) Gecko/20100101 Firefox/15.0.1"
192.168.15.67 - - [02/Oct/2012:09:59:14 +0200] "GET /temps/precedent.gif HTTP/1.1" 304 - "http://intranet-if.insa-lyon.fr/temps/5IF40.html" "Mozilla/5.0 (Windows NT 6.0; rv:15.0) Gecko/20100101 Firefox/15.0.1"
192.168.15.67 - - [02/Oct/2012:09:59:14 +0200] "GET /temps/choix.gif HTTP/1.1" 304 - "http://intranet-if.insa-lyon.fr/temps/5IF40.html" "Mozilla/5.0 (Windows NT 6.0; rv:15.0) Gecko/20100101 Firefox/15.0.1"
192.168.15.67 - - [02/Oct/2012:09:59:14 +0200] "GET /temps/suivant.gif HTTP/1.1" 304 - "http://intranet-if.insa-lyon.fr/temps/5IF40.html" "Mozilla/5.0 (Windows NT 6.0; rv:15.0) Gecko/20100101 Firefox/15.0.1"
192.168.0.88 - - [02/Oct/2012:09:59:44 +0200] "GET /temps/ML.ics HTTP/1.1" 304 - "-" "Mozilla/4.0 (compatible; MSIE 6.0; Windows NT 5.1; SV1; .NET CLR 1.1.4322) Zimbra/2.0"
192.168.15.152 - - [02/Oct/2012:09:59:45 +0200] "GET /temps/3IF39.html HTTP/1.1" 304 - "http://intranet-if.insa-lyon.fr/temps/3IF38.html" "Mozilla/5.0 (iPhone; CPU iPhone OS 6_0 like Mac OS X; en-us) AppleWebKit/534.46.0 (KHTML, like Gecko) CriOS/21.0.1180.82 Mobile/10A403 Safari/7534.48.3"
192.168.15.152 - - [02/Oct/2012:09:59:45 +0200] "GET /favicon.ico HTTP/1.1" 200 1700 "-" "Mozilla/5.0 (iPhone; CPU iPhone OS 6_0 like Mac OS X; en-us) AppleWebKit/534.46.0 (KHTML, like Gecko) CriOS/21.0.1180.82 Mobile/10A403 Safari/7534.48.3"
192.168.15.152 - - [02/Oct/2012:09:59:46 +0200] "GET /apple-touch-icon-precomposed.png HTTP/1.1" 404 230 "-" "Mozilla/5.0 (iPhone; CPU iPhone OS 6_0 like Mac OS X; en-us) AppleWebKit/534.46.0 (KHTML, like Gecko) CriOS/21.0.1180.82 Mobile/10A403 Safari/7534.48.3"
192.168.15.152 - - [02/Oct/2012:09:59:46 +0200] "GET /temps/InsaIF.ico HTTP/1.1" 200 766 "-" "Mozilla/5.0 (iPhone; CPU iPhone OS 6_0 like Mac OS X; en-us) AppleWebKit/534.46.0 (KHTML, like Gecko) CriOS/21.0.1180.82 Mobile/10A403 Safari/7534.48.3"
192.168.15.152 - - [02/Oct/2012:09:59:52 +0200] "GET /temps/5012S.jpg HTTP/1.1" 200 74271 "http://intranet-if.insa-lyon.fr/temps/3IF39.html" "Mozilla/5.0 (iPhone; CPU iPhone OS 6_0 like Mac OS X; en-us) AppleWebKit/534.46.0 (KHTML, like Gecko) CriOS/21.0.1180.82 Mobile/10A403 Safari/7534.48.3"
192.168.15.152 - - [02/Oct/2012:09:59:53 +0200] "GET /apple-touch-icon-precomposed.png HTTP/1.1" 404 230 "-" "Mozilla/5.0 (iPhone; CPU iPhone OS 6_0 like Mac OS X; en-us) AppleWebKit/534.46.0 (KHTML, like Gecko) CriOS/21.0.1180.82 Mobile/10A403 Safari/7534.48.3"
192.168.15.152 - - [02/Oct/2012:09:59:55 +0200] "GET /apple-touch-icon-precomposed.png HTTP/1.1" 404 230 "-" "Mozilla/5.0 (iPhone; CPU iPhone OS 6_0 like Mac OS X; en-us) AppleWebKit/534.46.0 (KHTML, like Gecko) CriOS/21.0.1180.82 Mobile/10A403 Safari/7534.48.3"
192.168.15.152 - - [02/Oct/2012:09:59:59 +0200] "GET /temps/3IF40.html HTTP/1.1" 200 23794 "http://intranet-if.insa-lyon.fr/temps/3IF39.html" "Mozilla/5.0 (iPhone; CPU iPhone OS 6_0 like Mac OS X; en-us) AppleWebKit/534.46.0 (KHTML, like Gecko) CriOS/21.0.1180.82 Mobile/10A403 Safari/7534.48.3"
192.168.15.152 - - [02/Oct/2012:10:00:00 +0200] "GET /apple-touch-icon-precomposed.png HTTP/1.1" 404 230 "-" "Mozilla/5.0 (iPhone; CPU iPhone OS 6_0 like Mac OS X; en-us) AppleWebKit/534.46.0 (KHTML, like Gecko) CriOS/21.0.1180.82 Mobile/10A403 Safari/7534.48.3"
192.168.0.110 - - [02/Oct/2012:10:01:05 +0200] "GET /temps/3IF3.ics HTTP/1.1" 200 107407 "-" "Mac OS X/10.8.2 (12C54) CalendarAgent/55"
192.168.9.53 - - [02/Oct/2012:10:01:32 +0200] "GET /apple-touch-icon-precomposed.png HTTP/1.1" 404 230 "-" "Mozilla/5.0 (Linux; Android 4.0.4; GT-I9300 Build/IMM76D) AppleWebKit/535.19 (KHTML, like Gecko) Chrome/18.0.1025.166 Mobile Safari/535.19"
192.168.9.53 - - [02/Oct/2012:10:01:33 +0200] "GET /apple-touch-icon.png HTTP/1.1" 404 218 "-" "Mozilla/5.0 (Linux; Android 4.0.4; GT-I9300 Build/IMM76D) AppleWebKit/535.19 (KHTML, like Gecko) Chrome/18.0.1025.166 Mobile Safari/535.19"
192.168.13.75 - - [02/Oct/2012:10:03:13 +0200] "GET /notesif/RSS/RSS_4IF.xml HTTP/1.1" 200 57760 "-" "Feedfetcher-Google; (+http://www.google.com/feedfetcher.html; 1 subscribers; feed-id=16457623470660127987)"
192.168.15.141 - - [02/Oct/2012:10:04:58 +0200] "GET /temps/4IF4.ics HTTP/1.1" 200 75565 "-" "Mac OS X/10.8.2 (12C54) CalendarAgent/55"
192.168.15.153 - - [02/Oct/2012:10:07:45 +0200] "GET /temps/4IF40.html HTTP/1.1" 200 19670 "-" "Mozilla/5.0 (Linux; U; Android 2.3.5; en-fr; HTC_WildfireS_A510e Build/GRJ90) AppleWebKit/533.1 (KHTML, like Gecko) Version/4.0 Mobile Safari/533.1"
192.168.15.154 - - [02/Oct/2012:10:08:12 +0200] "GET /temps/3IF40.html HTTP/1.1" 304 - "-" "Mozilla/5.0 (Linux; U; Android 4.0.4; fr-fr; GT-I9100 Build/cMIUI) AppleWebKit/534.30 (KHTML, like Gecko) Version/4.0 Mobile Safari/534.30"
192.168.0.10 - - [02/Oct/2012:10:09:11 +0200] "GET /notesif/RSS/RSS_4IF.xml HTTP/1.1" 200 57760 "http://intranet-if.insa-lyon.fr/notesif/RSS/RSS_4IF.xml" "Blogtrottr/2.0"
192.168.6.100 - - [02/Oct/2012:10:09:22 +0200] "GET /SiteWebIF/Intranet-etudiant.php HTTP/1.1" 302 477 "http://if.insa-lyon.fr/" "Mozilla/5.0 (X11; Linux i686; rv:15.0) Gecko/20100101 Firefox/15.0.1"
192.168.6.100 - - [02/Oct/2012:10:09:29 +0200] "GET /SiteWebIF/Intranet-etudiant.php?ticket=ST-182615-04gf2vMcEuf3se4fobaD-dsi-vm04 HTTP/1.1" 302 - "-" "Mozilla/5.0 (X11; Linux i686; rv:15.0) Gecko/20100101 Firefox/15.0.1"
192.168.6.100 - - [02/Oct/2012:10:09:29 +0200] "GET /SiteWebIF/Intranet-etudiant.php HTTP/1.1" 200 3835 "-" "Mozilla/5.0 (X11; Linux i686; rv:15.0) Gecko/20100101 Firefox/15.0.1"
192.168.6.100 - - [02/Oct/2012:10:09:29 +0200] "GET /stages/style_pfe.css HTTP/1.1" 200 895 "http://intranet-if.insa-lyon.fr/SiteWebIF/Intranet-etudiant.php" "Mozilla/5.0 (X11; Linux i686; rv:15.0) Gecko/20100101 Firefox/15.0.1"
192.168.6.100 - - [02/Oct/2012:10:09:29 +0200] "GET /stages/InsaIF.ico HTTP/1.1" 200 766 "-" "Mozilla/5.0 (X11; Linux i686; rv:15.0) Gecko/20100101 Firefox/15.0.1"
192.168.6.100 - - [02/Oct/2012:10:09:29 +0200] "GET /stages/FondInsa.jpg HTTP/1.1" 200 2828 "http://intranet-if.insa-lyon.fr/stages/style_pfe.css" "Mozilla/5.0 (X11; Linux i686; rv:15.0) Gecko/20100101 Firefox/15.0.1"
192.168.6.100 - - [02/Oct/2012:10:09:29 +0200] "GET /stages/bandeauFinal.jpg HTTP/1.1" 200 50390 "http://intranet-if.insa-lyon.fr/SiteWebIF/Intranet-etudiant.php" "Mozilla/5.0 (X11; Linux i686; rv:15.0) Gecko/20100101 Firefox/15.0.1"
192.168.6.100 - - [02/Oct/2012:10:09:31 +0200] "GET /temps/ HTTP/1.1" 200 6835 "http://intranet-if.insa-lyon.fr/SiteWebIF/Intranet-etudiant.php" "Mozilla/5.0 (X11; Linux i686; rv:15.0) Gecko/20100101 Firefox/15.0.1"
192.168.6.100 - - [02/Oct/2012:10:09:31 +0200] "GET /temps/style_emploi_du_temps.css HTTP/1.1" 200 1216 "http://intranet-if.insa-lyon.fr/temps/" "Mozilla/5.0 (X11; Linux i686; rv:15.0) Gecko/20100101 Firefox/15.0.1"
192.168.6.100 - - [02/Oct/2012:10:09:31 +0200] "GET /temps/InsaIF.ico HTTP/1.1" 200 766 "-" "Mozilla/5.0 (X11; Linux i686; rv:15.0) Gecko/20100101 Firefox/15.0.1"
192.168.6.100 - - [02/Oct/2012:10:09:31 +0200] "GET /temps/FondInsa.jpg HTTP/1.1" 200 2828 "http://intranet-if.insa-lyon.fr/temps/style_emploi_du_temps.css" "Mozilla/5.0 (X11; Linux i686; rv:15.0) Gecko/20100101 Firefox/15.0.1"
192.168.6.100 - - [02/Oct/2012:10:09:40 +0200] "GET /temps/3IF39.html HTTP/1.1" 200 22693 "http://intranet-if.insa-lyon.fr/temps/" "Mozilla/5.0 (X11; Linux i686; rv:15.0) Gecko/20100101 Firefox/15.0.1"
192.168.6.100 - - [02/Oct/2012:10:09:40 +0200] "GET /temps/precedent.gif HTTP/1.1" 200 1906 "http://intranet-if.insa-lyon.fr/temps/3IF39.html" "Mozilla/5.0 (X11; Linux i686; rv:15.0) Gecko/20100101 Firefox/15.0.1"
192.168.6.100 - - [02/Oct/2012:10:09:40 +0200] "GET /temps/choix.gif HTTP/1.1" 200 2836 "http://intranet-if.insa-lyon.fr/temps/3IF39.html" "Mozilla/5.0 (X11; Linux i686; rv:15.0) Gecko/20100101 Firefox/15.0.1"
192.168.6.100 - - [02/Oct/2012:10:09:40 +0200] "GET /temps/suivant.gif HTTP/1.1" 200 1634 "http://intranet-if.insa-lyon.fr/temps/3IF39.html" "Mozilla/5.0 (X11; Linux i686; rv:15.0) Gecko/20100101 Firefox/15.0.1"
192.168.13.135 - - [02/Oct/2012:10:09:53 +0200] "GET /temps/3IF3.ics HTTP/1.1" 304 - "-" "iOS/6.0 (10A403) dataaccessd/1.0"
192.168.6.100 - - [02/Oct/2012:10:10:48 +0200] "GET /temps/3IF40.html HTTP/1.1" 200 23794 "http://intranet-if.insa-lyon.fr/temps/3IF39.html" "Mozilla/5.0 (X11; Linux i686; rv:15.0) Gecko/20100101 Firefox/15.0.1"
192.168.5.86 - - [02/Oct/2012:10:10:53 +0200] "GET /temps/3IF39.html HTTP/1.1" 200 22693 "-" "Mozilla/5.0 (Macintosh; Intel Mac OS X 10_8_1) AppleWebKit/536.25 (KHTML, like Gecko) Version/6.0 Safari/536.25"
192.168.5.86 - - [02/Oct/2012:10:10:53 +0200] "GET /temps/style_emploi_du_temps.css HTTP/1.1" 200 1216 "http://intranet-if.insa-lyon.fr/temps/3IF39.html" "Mozilla/5.0 (Macintosh; Intel Mac OS X 10_8_1) AppleWebKit/536.25 (KHTML, like Gecko) Version/6.0 Safari/536.25"
192.168.5.86 - - [02/Oct/2012:10:10:53 +0200] "GET /temps/suivant.gif HTTP/1.1" 200 1634 "http://intranet-if.insa-lyon.fr/temps/3IF39.html" "Mozilla/5.0 (Macintosh; Intel Mac OS X 10_8_1) AppleWebKit/536.25 (KHTML, like Gecko) Version/6.0 Safari/536.25"
192.168.5.86 - - [02/Oct/2012:10:10:53 +0200] "GET /temps/choix.gif HTTP/1.1" 200 2836 "http://intranet-if.insa-lyon.fr/temps/3IF39.html" "Mozilla/5.0 (Macintosh; Intel Mac OS X 10_8_1) AppleWebKit/536.25 (KHTML, like Gecko) Version/6.0 Safari/536.25"
192.168.5.86 - - [02/Oct/2012:10:10:53 +0200] "GET /temps/FondInsa.jpg HTTP/1.1" 200 2828 "http://intranet-if.insa-lyon.fr/temps/3IF39.html" "Mozilla/5.0 (Macintosh; Intel Mac OS X 10_8_1) AppleWebKit/536.25 (KHTML, like Gecko) Version/6.0 Safari/536.25"
192.168.5.86 - - [02/Oct/2012:10:10:53 +0200] "GET /temps/precedent.gif HTTP/1.1" 200 1906 "http://intranet-if.insa-lyon.fr/temps/3IF39.html" "Mozilla/5.0 (Macintosh; Intel Mac OS X 10_8_1) AppleWebKit/536.25 (KHTML, like Gecko) Version/6.0 Safari/536.25"
192.168.15.144 - - [02/Oct/2012:10:11:12 +0200] "GET /temps/3IF40.html HTTP/1.1" 200 23794 "-" "Mozilla/5.0 (Linux; U; Android 2.3.6; fr-fr; GT-S5839i Build/GINGERBREAD) AppleWebKit/533.1 (KHTML, like Gecko) Version/4.0 Mobile Safari/533.1"
192.168.10.1 - - [02/Oct/2012:10:11:14 +0200] "GET /temps/index.html HTTP/1.1" 200 6835 "http://intranet-if.insa-lyon.fr/temps/4IF51.html" "Mozilla/5.0 (iPhone; U; CPU iPhone OS 4_0_1 like Mac OS X; fr-fr) AppleWebKit/532.9 (KHTML, like Gecko) Version/4.0.5 Mobile/8A306 Safari/6531.22.7"
192.168.10.1 - - [02/Oct/2012:10:11:14 +0200] "GET /temps/style_emploi_du_temps.css HTTP/1.1" 200 1216 "http://intranet-if.insa-lyon.fr/temps/index.html" "Mozilla/5.0 (iPhone; U; CPU iPhone OS 4_0_1 like Mac OS X; fr-fr) AppleWebKit/532.9 (KHTML, like Gecko) Version/4.0.5 Mobile/8A306 Safari/6531.22.7"
192.168.10.1 - - [02/Oct/2012:10:11:14 +0200] "GET /temps/FondInsa.jpg HTTP/1.1" 304 - "http://intranet-if.insa-lyon.fr/temps/index.html" "Mozilla/5.0 (iPhone; U; CPU iPhone OS 4_0_1 like Mac OS X; fr-fr) AppleWebKit/532.9 (KHTML, like Gecko) Version/4.0.5 Mobile/8A306 Safari/6531.22.7"
192.168.6.100 - - [02/Oct/2012:10:11:16 +0200] "GET /temps/3IF41.html HTTP/1.1" 200 24278 "http://intranet-if.insa-lyon.fr/temps/3IF40.html" "Mozilla/5.0 (X11; Linux i686; rv:15.0) Gecko/20100101 Firefox/15.0.1"
192.168.10.1 - - [02/Oct/2012:10:11:22 +0200] "GET /temps/4IF40.html HTTP/1.1" 200 19670 "http://intranet-if.insa-lyon.fr/temps/index.html" "Mozilla/5.0 (iPhone; U; CPU iPhone OS 4_0_1 like Mac OS X; fr-fr) AppleWebKit/532.9 (KHTML, like Gecko) Version/4.0.5 Mobile/8A306 Safari/6531.22.7"
192.168.10.1 - - [02/Oct/2012:10:11:23 +0200] "GET /temps/FondInsa.jpg HTTP/1.1" 304 - "http://intranet-if.insa-lyon.fr/temps/4IF40.html" "Mozilla/5.0 (iPhone; U; CPU iPhone OS 4_0_1 like Mac OS X; fr-fr) AppleWebKit/532.9 (KHTML, like Gecko) Version/4.0.5 Mobile/8A306 Safari/6531.22.7"
192.168.2.190 - - [02/Oct/2012:10:11:52 +0200] "GET /temps/3IF1.ics HTTP/1.1" 200 107618 "-" "-"
192.168.6.100 - - [02/Oct/2012:10:12:13 +0200] "GET /temps/3IF1.ics HTTP/1.1" 200 107618 "-" "Mozilla/5.0 (X11; Linux i686; rv:15.0) Gecko/20120910 Thunderbird/15.0.1 Lightning/1.7"
192.168.14.201 - - [02/Oct/2012:10:12:54 +0200] "GET /temps/4IF1.ics HTTP/1.1" 304 - "-" "iOS/5.1.1 (9B208) dataaccessd/1.0"
192.168.3.21 - - [02/Oct/2012:10:13:07 +0200] "GET /SiteWebIF/Intranet-personnel.php HTTP/1.1" 302 478 "-" "Mozilla/5.0 (X11; Ubuntu; Linux i686; rv:15.0) Gecko/20100101 Firefox/15.0.1"
192.168.3.21 - - [02/Oct/2012:10:13:07 +0200] "GET /SiteWebIF/Intranet-personnel.php?ticket=ST-182766-BqnjEUQgx2HbuOTHwHss-dsi-vm04 HTTP/1.1" 302 - "-" "Mozilla/5.0 (X11; Ubuntu; Linux i686; rv:15.0) Gecko/20100101 Firefox/15.0.1"
192.168.3.21 - - [02/Oct/2012:10:13:07 +0200] "GET /SiteWebIF/Intranet-personnel.php HTTP/1.1" 200 5054 "-" "Mozilla/5.0 (X11; Ubuntu; Linux i686; rv:15.0) Gecko/20100101 Firefox/15.0.1"
192.168.4.103 - - [02/Oct/2012:10:13:23 +0200] "GET /temps/5IF.ic HTTP/1.1" 404 210 "-" "Mozilla/5.0 (compatible; Googlebot/2.1; +http://www.google.com/bot.html)"
192.168.3.21 - - [02/Oct/2012:10:14:01 +0200] "GET /SiteWebIF/Intranet-personnel.php HTTP/1.1" 200 2664 "-" "Mozilla/5.0 (X11; Ubuntu; Linux i686; rv:15.0) Gecko/20100101 Firefox/15.0.1"
192.168.3.21 - - [02/Oct/2012:10:14:01 +0200] "GET /stages/style_pfe.css HTTP/1.1" 304 - "http://intranet-if.insa-lyon.fr/SiteWebIF/Intranet-personnel.php" "Mozilla/5.0 (X11; Ubuntu; Linux i686; rv:15.0) Gecko/20100101 Firefox/15.0.1"
192.168.3.21 - - [02/Oct/2012:10:14:01 +0200] "GET /stages/bandeauFinal.jpg HTTP/1.1" 304 - "http://intranet-if.insa-lyon.fr/SiteWebIF/Intranet-personnel.php" "Mozilla/5.0 (X11; Ubuntu; Linux i686; rv:15.0) Gecko/20100101 Firefox/15.0.1"
192.168.3.21 - - [02/Oct/2012:10:14:01 +0200] "GET /stages/FondInsa.jpg HTTP/1.1" 304 - "http://intranet-if.insa-lyon.fr/stages/style_pfe.css" "Mozilla/5.0 (X11; Ubuntu; Linux i686; rv:15.0) Gecko/20100101 Firefox/15.0.1"
192.168.6.100 - - [02/Oct/2012:10:14:17 +0200] "GET /temps/3IF42.html HTTP/1.1" 200 22106 "http://intranet-if.insa-lyon.fr/temps/3IF41.html" "Mozilla/5.0 (X11; Linux i686; rv:15.0) Gecko/20100101 Firefox/15.0.1"
192.168.6.100 - - [02/Oct/2012:10:15:08 +0200] "GET /temps/3IF43.html HTTP/1.1" 200 22201 "http://intranet-if.insa-lyon.fr/temps/3IF42.html" "Mozilla/5.0 (X11; Linux i686; rv:15.0) Gecko/20100101 Firefox/15.0.1"
192.168.15.19 - - [02/Oct/2012:10:15:17 +0200] "GET /SiteWebIF/Intranet-etudiant.php HTTP/1.1" 302 477 "http://if.insa-lyon.fr/" "Mozilla/5.0 (Macintosh; Intel Mac OS X 10_6_8) AppleWebKit/537.4 (KHTML, like Gecko) Chrome/22.0.1229.79 Safari/537.4"
192.168.15.19 - - [02/Oct/2012:10:15:17 +0200] "GET /SiteWebIF/Intranet-etudiant.php?ticket=ST-180416-DqlyGaO3J30Vacg2tVZS-dsi-vm03 HTTP/1.1" 302 - "http://if.insa-lyon.fr/" "Mozilla/5.0 (Macintosh; Intel Mac OS X 10_6_8) AppleWebKit/537.4 (KHTML, like Gecko) Chrome/22.0.1229.79 Safari/537.4"
192.168.15.19 - - [02/Oct/2012:10:15:17 +0200] "GET /SiteWebIF/Intranet-etudiant.php HTTP/1.1" 200 3846 "http://if.insa-lyon.fr/" "Mozilla/5.0 (Macintosh; Intel Mac OS X 10_6_8) AppleWebKit/537.4 (KHTML, like Gecko) Chrome/22.0.1229.79 Safari/537.4"
192.168.15.19 - - [02/Oct/2012:10:15:20 +0200] "GET /temps/3IF40.html HTTP/1.1" 200 23794 "http://intranet-if.insa-lyon.fr/temps/" "Mozilla/5.0 (Macintosh; Intel Mac OS X 10_6_8) AppleWebKit/537.4 (KHTML, like Gecko) Chrome/22.0.1229.79 Safari/537.4"
192.168.15.19 - - [02/Oct/2012:10:15:36 +0200] "GET /temps/3IF41.html HTTP/1.1" 304 - "http://intranet-if.insa-lyon.fr/temps/3IF40.html" "Mozilla/5.0 (Macintosh; Intel Mac OS X 10_6_8) AppleWebKit/537.4 (KHTML, like Gecko) Chrome/22.0.1229.79 Safari/537.4"
192.168.12.76 - - [02/Oct/2012:10:15:51 +0200] "GET /temps/4IF3.ics HTTP/1.1" 304 - "-" "Mozilla/5.0 (Windows NT 6.1; rv:15.0) Gecko/20120907 Thunderbird/15.0.1 Lightning/1.7"
192.168.7.232 - - [02/Oct/2012:10:16:34 +0200] "GET /apple-touch-icon-precomposed.png HTTP/1.1" 404 230 "-" "Mozilla/5.0 (Linux; Android 4.0.3; ARCHOS 80G9 Build/MR1) AppleWebKit/535.19 (KHTML, like Gecko) Chrome/18.0.1025.166  Safari/535.19"
192.168.7.232 - - [02/Oct/2012:10:16:34 +0200] "GET /apple-touch-icon.png HTTP/1.1" 404 218 "-" "Mozilla/5.0 (Linux; Android 4.0.3; ARCHOS 80G9 Build/MR1) AppleWebKit/535.19 (KHTML, like Gecko) Chrome/18.0.1025.166  Safari/535.19"
192.168.10.159 - - [02/Oct/2012:10:16:40 +0200] "GET /temps/index.html HTTP/1.1" 200 6835 "http://intranet-if.insa-lyon.fr/temps/3IF40.html" "Mozilla/5.0 (X11; Linux i686; rv:10.0.5) Gecko/20120606 Firefox/10.0.5"
192.168.10.159 - - [02/Oct/2012:10:16:42 +0200] "GET /temps/4IF40.html HTTP/1.1" 200 19670 "http://intranet-if.insa-lyon.fr/temps/index.html" "Mozilla/5.0 (X11; Linux i686; rv:10.0.5) Gecko/20120606 Firefox/10.0.5"
192.168.2.117 - - [02/Oct/2012:10:19:14 +0200] "GET /temps/3IF39.html HTTP/1.1" 304 - "-" "Mozilla/5.0 (X11; Linux x86_64) AppleWebKit/537.1 (KHTML, like Gecko) Chrome/21.0.1180.89 Safari/537.1"
192.168.2.117 - - [02/Oct/2012:10:19:20 +0200] "GET /temps/3IF40.html HTTP/1.1" 200 23794 "http://intranet-if.insa-lyon.fr/temps/3IF39.html" "Mozilla/5.0 (X11; Linux x86_64) AppleWebKit/537.1 (KHTML, like Gecko) Chrome/21.0.1180.89 Safari/537.1"
192.168.5.86 - - [02/Oct/2012:10:19:48 +0200] "GET /temps/3IF39.html HTTP/1.1" 200 22693 "-" "Mozilla/5.0 (Macintosh; Intel Mac OS X 10_8_1) AppleWebKit/536.25 (KHTML, like Gecko) Version/6.0 Safari/536.25"
192.168.5.86 - - [02/Oct/2012:10:19:48 +0200] "GET /temps/precedent.gif HTTP/1.1" 200 1906 "http://intranet-if.insa-lyon.fr/temps/3IF39.html" "Mozilla/5.0 (Macintosh; Intel Mac OS X 10_8_1) AppleWebKit/536.25 (KHTML, like Gecko) Version/6.0 Safari/536.25"
192.168.5.86 - - [02/Oct/2012:10:19:48 +0200] "GET /temps/InsaIF.ico HTTP/1.1" 200 766 "http://intranet-if.insa-lyon.fr/temps/3IF39.html" "Mozilla/5.0 (Macintosh; Intel Mac OS X 10_8_1) AppleWebKit/536.25 (KHTML, like Gecko) Version/6.0 Safari/536.25"
192.168.7.90 - - [02/Oct/2012:10:20:03 +0200] "GET /temps/5IF.ics HTTP/1.1" 200 127448 "-" "DataAccess/1.0 (8J2)"
192.168.5.86 - - [02/Oct/2012:10:20:10 +0200] "GET /temps/3IF40.html HTTP/1.1" 200 23794 "http://intranet-if.insa-lyon.fr/temps/3IF39.html" "Mozilla/5.0 (Macintosh; Intel Mac OS X 10_8_1) AppleWebKit/536.25 (KHTML, like Gecko) Version/6.0 Safari/536.25"
192.168.15.150 - - [02/Oct/2012:10:20:52 +0200] "GET /temps/3IF3.ics HTTP/1.1" 304 - "-" "iOS/6.0 (10A403) dataaccessd/1.0"
192.168.0.11 - - [02/Oct/2012:10:21:29 +0200] "GET /SiteWebIF/Intranet-etudiant.php HTTP/1.1" 302 477 "http://if.insa-lyon.fr/" "Mozilla/5.0 (Windows NT 6.1; WOW64) AppleWebKit/537.13 (KHTML, like Gecko) Chrome/24.0.1284.0 Safari/537.13"
192.168.0.11 - - [02/Oct/2012:10:21:29 +0200] "GET /SiteWebIF/Intranet-etudiant.php?ticket=ST-180634-bju3ZleasRZ0WSjKXRa5-dsi-vm03 HTTP/1.1" 302 - "http://if.insa-lyon.fr/" "Mozilla/5.0 (Windows NT 6.1; WOW64) AppleWebKit/537.13 (KHTML, like Gecko) Chrome/24.0.1284.0 Safari/537.13"
192.168.0.11 - - [02/Oct/2012:10:21:29 +0200] "GET /SiteWebIF/Intranet-etudiant.php HTTP/1.1" 200 3788 "http://if.insa-lyon.fr/" "Mozilla/5.0 (Windows NT 6.1; WOW64) AppleWebKit/537.13 (KHTML, like Gecko) Chrome/24.0.1284.0 Safari/537.13"
192.168.0.11 - - [02/Oct/2012:10:21:31 +0200] "GET /stages/ListePFE.php HTTP/1.1" 200 132287 "http://intranet-if.insa-lyon.fr/SiteWebIF/Intranet-etudiant.php" "Mozilla/5.0 (Windows NT 6.1; WOW64) AppleWebKit/537.13 (KHTML, like Gecko) Chrome/24.0.1284.0 Safari/537.13"
192.168.7.90 - - [02/Oct/2012:10:25:05 +0200] "GET /temps/5IF.ics HTTP/1.1" 200 127447 "-" "DataAccess/1.0 (8J2)"
192.168.1.81 - - [02/Oct/2012:10:25:47 +0200] "GET /temps/PL.ics HTTP/1.1" 200 10935 "-" "CalendarStore/5.0.3 (1204.2); iCal/5.0.3 (1605.4); Mac OS X/10.7.5 (11G56)"
192.168.1.87 - - [02/Oct/2012:10:26:30 +0200] "GET /temps/TA.ics HTTP/1.1" 304 - "-" "Mozilla/5.0 (Windows NT 5.1; rv:12.0) Gecko/20120428 Thunderbird/12.0.1 Lightning/1.4"
192.168.1.84 - - [02/Oct/2012:10:27:01 +0200] "GET /temps/GO.ics HTTP/1.1" 200 10971 "-" "iCal/1395.7 CFNetwork/454.12.4 Darwin/10.8.0 (i386) (MacBookPro5%2C2)"
192.168.0.32 - - [02/Oct/2012:10:27:42 +0200] "GET /temps/4IF1.ics HTTP/1.1" 200 75565 "-" "Mozilla/4.0 (compatible; MSIE 7.0; Windows NT 6.0)"
192.168.13.208 - - [02/Oct/2012:10:28:55 +0200] "GET /temps/4IF1.ics HTTP/1.1" 304 - "-" "iOS/6.0 (10A403) dataaccessd/1.0"
192.168.4.229 - - [02/Oct/2012:10:28:59 +0200] "GET /favicon.ico HTTP/1.1" 200 1700 "-" "Mozilla/4.0 (compatible; MSIE 7.0; Windows NT 5.1; Trident/4.0; .NET CLR 2.0.50727; 360space)"
192.168.2.177 - - [02/Oct/2012:10:29:00 +0200] "GET /SiteWebIF/Intranet-etudiant.php HTTP/1.1" 302 477 "-" "Mozilla/5.0 (Windows NT 6.1; WOW64) AppleWebKit/537.4 (KHTML, like Gecko) Chrome/22.0.1229.79 Safari/537.4"
192.168.2.177 - - [02/Oct/2012:10:29:00 +0200] "GET /SiteWebIF/Intranet-etudiant.php?ticket=ST-180755-hse0Fh0DWfLbAXvrBPQU-dsi-vm03 HTTP/1.1" 302 - "-" "Mozilla/5.0 (Windows NT 6.1; WOW64) AppleWebKit/537.4 (KHTML, like Gecko) Chrome/22.0.1229.79 Safari/537.4"
192.168.2.177 - - [02/Oct/2012:10:29:00 +0200] "GET /SiteWebIF/Intranet-etudiant.php HTTP/1.1" 200 3790 "-" "Mozilla/5.0 (Windows NT 6.1; WOW64) AppleWebKit/537.4 (KHTML, like Gecko) Chrome/22.0.1229.79 Safari/537.4"
192.168.2.177 - - [02/Oct/2012:10:29:05 +0200] "GET /temps/5IF40.html HTTP/1.1" 200 17042 "http://intranet-if.insa-lyon.fr/temps/" "Mozilla/5.0 (Windows NT 6.1; WOW64) AppleWebKit/537.4 (KHTML, like Gecko) Chrome/22.0.1229.79 Safari/537.4"
192.168.15.150 - - [02/Oct/2012:10:29:18 +0200] "GET /temps/3IF3.ics HTTP/1.1" 304 - "-" "iOS/6.0 (10A403) dataaccessd/1.0"
192.168.15.155 - - [02/Oct/2012:10:30:54 +0200] "GET /temps/PL.ics HTTP/1.1" 304 - "-" "iOS/6.0 (10A403) dataaccessd/1.0"
192.168.7.232 - - [02/Oct/2012:10:31:17 +0200] "GET /apple-touch-icon-precomposed.png HTTP/1.1" 404 230 "-" "Mozilla/5.0 (Linux; Android 4.0.3; ARCHOS 80G9 Build/MR1) AppleWebKit/535.19 (KHTML, like Gecko) Chrome/18.0.1025.166  Safari/535.19"
192.168.7.232 - - [02/Oct/2012:10:31:17 +0200] "GET /apple-touch-icon.png HTTP/1.1" 404 218 "-" "Mozilla/5.0 (Linux; Android 4.0.3; ARCHOS 80G9 Build/MR1) AppleWebKit/535.19 (KHTML, like Gecko) Chrome/18.0.1025.166  Safari/535.19"
192.168.4.103 - - [02/Oct/2012:10:31:20 +0200] "GET /temps/3IF1.ics HTTP/1.1" 200 107618 "-" "Mozilla/5.0 (compatible; Googlebot/2.1; +http://www.google.com/bot.html)"
192.168.8.198 - - [02/Oct/2012:10:31:36 +0200] "GET /temps/PL.ics HTTP/1.1" 304 - "-" "iOS/6.0 (10A403) dataaccessd/1.0"
192.168.15.155 - - [02/Oct/2012:10:32:36 +0200] "GET /temps/PL.ics HTTP/1.1" 304 - "-" "iOS/6.0 (10A403) dataaccessd/1.0"
192.168.2.177 - - [02/Oct/2012:10:33:26 +0200] "GET /temps/5IF41.html HTTP/1.1" 200 23925 "http://intranet-if.insa-lyon.fr/temps/5IF40.html" "Mozilla/5.0 (Windows NT 6.1; WOW64) AppleWebKit/537.4 (KHTML, like Gecko) Chrome/22.0.1229.79 Safari/537.4"
192.168.4.103 - - [02/Oct/2012:10:33:38 +0200] "GET /temps/5IF1.ics HTTP/1.1" 404 212 "-" "Mozilla/5.0 (compatible; Googlebot/2.1; +http://www.google.com/bot.html)"
192.168.13.75 - - [02/Oct/2012:10:33:40 +0200] "GET /notesif/RSS/RSS_3IF.xml HTTP/1.1" 200 95847 "-" "Feedfetcher-Google; (+http://www.google.com/feedfetcher.html; 2 subscribers; feed-id=16425187501328177924)"
192.168.2.177 - - [02/Oct/2012:10:37:21 +0200] "GET /temps/5IF42.html HTTP/1.1" 200 20720 "http://intranet-if.insa-lyon.fr/temps/5IF41.html" "Mozilla/5.0 (Windows NT 6.1; WOW64) AppleWebKit/537.4 (KHTML, like Gecko) Chrome/22.0.1229.79 Safari/537.4"
192.168.2.177 - - [02/Oct/2012:10:38:32 +0200] "GET /temps/5IF43.html HTTP/1.1" 200 12881 "http://intranet-if.insa-lyon.fr/temps/5IF42.html" "Mozilla/5.0 (Windows NT 6.1; WOW64) AppleWebKit/537.4 (KHTML, like Gecko) Chrome/22.0.1229.79 Safari/537.4"
192.168.2.177 - - [02/Oct/2012:10:38:59 +0200] "GET /temps/5IF44.html HTTP/1.1" 200 5207 "http://intranet-if.insa-lyon.fr/temps/5IF43.html" "Mozilla/5.0 (Windows NT 6.1; WOW64) AppleWebKit/537.4 (KHTML, like Gecko) Chrome/22.0.1229.79 Safari/537.4"
192.168.2.177 - - [02/Oct/2012:10:39:02 +0200] "GET /temps/5IF45.html HTTP/1.1" 200 20894 "http://intranet-if.insa-lyon.fr/temps/5IF44.html" "Mozilla/5.0 (Windows NT 6.1; WOW64) AppleWebKit/537.4 (KHTML, like Gecko) Chrome/22.0.1229.79 Safari/537.4"
192.168.15.156 - - [02/Oct/2012:10:41:11 +0200] "GET /temps/3IF3.ics HTTP/1.1" 200 107407 "-" "Dalvik/1.6.0 (Linux; U; Android 4.0.4; ST18i Build/4.1.B.0.431)"
192.168.2.177 - - [02/Oct/2012:10:42:43 +0200] "GET /temps/5IF46.html HTTP/1.1" 200 27259 "http://intranet-if.insa-lyon.fr/temps/5IF45.html" "Mozilla/5.0 (Windows NT 6.1; WOW64) AppleWebKit/537.4 (KHTML, like Gecko) Chrome/22.0.1229.79 Safari/537.4"
192.168.2.177 - - [02/Oct/2012:10:43:26 +0200] "GET /temps/5IF47.html HTTP/1.1" 200 22107 "http://intranet-if.insa-lyon.fr/temps/5IF46.html" "Mozilla/5.0 (Windows NT 6.1; WOW64) AppleWebKit/537.4 (KHTML, like Gecko) Chrome/22.0.1229.79 Safari/537.4"
192.168.2.177 - - [02/Oct/2012:10:43:33 +0200] "GET /temps/5IF48.html HTTP/1.1" 200 17673 "http://intranet-if.insa-lyon.fr/temps/5IF47.html" "Mozilla/5.0 (Windows NT 6.1; WOW64) AppleWebKit/537.4 (KHTML, like Gecko) Chrome/22.0.1229.79 Safari/537.4"
192.168.2.177 - - [02/Oct/2012:10:43:38 +0200] "GET /temps/5IF49.html HTTP/1.1" 200 20517 "http://intranet-if.insa-lyon.fr/temps/5IF48.html" "Mozilla/5.0 (Windows NT 6.1; WOW64) AppleWebKit/537.4 (KHTML, like Gecko) Chrome/22.0.1229.79 Safari/537.4"
192.168.15.157 - - [02/Oct/2012:10:44:07 +0200] "GET /temps/ HTTP/1.1" 200 6835 "-" "Mozilla/5.0 (Linux x86_64) AppleWebKit/535.22+ (KHTML, like Gecko) WebKitGTK+/1.8.3 luakit/0d5f4"
192.168.15.157 - - [02/Oct/2012:10:44:07 +0200] "GET /temps/style_emploi_du_temps.css HTTP/1.1" 200 1216 "http://intranet-if.insa-lyon.fr/temps/" "Mozilla/5.0 (Linux x86_64) AppleWebKit/535.22+ (KHTML, like Gecko) WebKitGTK+/1.8.3 luakit/0d5f4"
192.168.15.157 - - [02/Oct/2012:10:44:07 +0200] "GET /temps/FondInsa.jpg HTTP/1.1" 200 2828 "http://intranet-if.insa-lyon.fr/temps/" "Mozilla/5.0 (Linux x86_64) AppleWebKit/535.22+ (KHTML, like Gecko) WebKitGTK+/1.8.3 luakit/0d5f4"
192.168.15.157 - - [02/Oct/2012:10:44:07 +0200] "GET /temps/InsaIF.ico HTTP/1.1" 200 766 "http://intranet-if.insa-lyon.fr/temps/" "Mozilla/5.0 (Linux x86_64) AppleWebKit/535.22+ (KHTML, like Gecko) WebKitGTK+/1.8.3 luakit/0d5f4"
192.168.15.158 - - [02/Oct/2012:10:44:10 +0200] "GET /SiteWebIF/Intranet-etudiant.php HTTP/1.1" 302 477 "-" "Mozilla/5.0 (Windows NT 5.1; rv:13.0) Gecko/20100101 Firefox/13.0.1"
192.168.15.158 - - [02/Oct/2012:10:44:10 +0200] "GET /SiteWebIF/Intranet-etudiant.php?ticket=ST-183470-cUA1XsT3VYNGIUt65w5u-dsi-vm04 HTTP/1.1" 302 - "-" "Mozilla/5.0 (Windows NT 5.1; rv:13.0) Gecko/20100101 Firefox/13.0.1"
192.168.15.158 - - [02/Oct/2012:10:44:10 +0200] "GET /SiteWebIF/Intranet-etudiant.php HTTP/1.1" 200 3794 "-" "Mozilla/5.0 (Windows NT 5.1; rv:13.0) Gecko/20100101 Firefox/13.0.1"
192.168.15.158 - - [02/Oct/2012:10:44:10 +0200] "GET /stages/style_pfe.css HTTP/1.1" 200 895 "http://intranet-if.insa-lyon.fr/SiteWebIF/Intranet-etudiant.php" "Mozilla/5.0 (Windows NT 5.1; rv:13.0) Gecko/20100101 Firefox/13.0.1"
192.168.15.158 - - [02/Oct/2012:10:44:10 +0200] "GET /stages/InsaIF.ico HTTP/1.1" 200 766 "-" "Mozilla/5.0 (Windows NT 5.1; rv:13.0) Gecko/20100101 Firefox/13.0.1"
