192.168.11.208 - - [02/Oct/2012:08:02:40 +0200] "GET /temps/InsaIF.ico HTTP/1.1" 200 766 "http://intranet-if.insa-lyon.fr/temps/4IF40.html" "Mozilla/5.0 (Linux; U; Android 2.3.6; fr-fr; GT-S5839i Build/GINGERBREAD) AppleWebKit/533.1 (KHTML, like Gecko) Version/4.0 Mobile Safari/533.1"
192.168.9.4 - - [02/Oct/2012:08:03:15 +0200] "GET /temps/ HTTP/1.1" 304 - "-" "Mozilla/5.0 (X11; Linux i686; rv:10.0.5) Gecko/20120606 Firefox/10.0.5"
192.168.9.4 - - [02/Oct/2012:08:03:18 +0200] "GET /temps/4IF40.html HTTP/1.1" 200 19670 "http://intranet-if.insa-lyon.fr/temps/" "Mozilla/5.0 (X11; Linux i686; rv:10.0.5) Gecko/20120606 Firefox/10.0.5"
192.168.15.47 - - [02/Oct/2012:08:04:33 +0200] "GET /temps/4IF1.ics HTTP/1.1" 304 - "-" "iOS/6.0 (10A403) dataaccessd/1.0"
192.168.15.141 - - [02/Oct/2012:08:04:54 +0200] "GET /temps/4IF4.ics HTTP/1.1" 200 75565 "-" "Mac OS X/10.8.2 (12C54) CalendarAgent/55"
192.168.4.103 - - [02/Oct/2012:08:05:22 +0200] "GET /robots.txt HTTP/1.1" 404 208 "-" "Mozilla/5.0 (compatible; Googlebot/2.1; +http://www.google.com/bot.html)"
192.168.4.103 - - [02/Oct/2012:08:05:23 +0200] "GET /temps/4IF3.ics HTTP/1.1" 200 75553 "-" "Mozilla/5.0 (compatible; Googlebot/2.1; +http://www.google.com/bot.html)"
192.168.15.142 - - [02/Oct/2012:08:05:47 +0200] "GET /temps/4IF40.html HTTP/1.1" 200 19670 "-" "Mozilla/5.0 (iPhone; CPU iPhone OS 5_1_1 like Mac OS X) AppleWebKit/534.46 (KHTML, like Gecko) Version/5.1 Mobile/9B206 Safari/7534.48.3"
192.168.15.142 - - [02/Oct/2012:08:05:47 +0200] "GET /temps/style_emploi_du_temps.css HTTP/1.1" 200 1216 "http://intranet-if.insa-lyon.fr/temps/4IF40.html" "Mozilla/5.0 (iPhone; CPU iPhone OS 5_1_1 like Mac OS X) AppleWebKit/534.46 (KHTML, like Gecko) Version/5.1 Mobile/9B206 Safari/7534.48.3"
192.168.15.142 - - [02/Oct/2012:08:05:47 +0200] "GET /temps/precedent.gif HTTP/1.1" 200 1906 "http://intranet-if.insa-lyon.fr/temps/4IF40.html" "Mozilla/5.0 (iPhone; CPU iPhone OS 5_1_1 like Mac OS X) AppleWebKit/534.46 (KHTML, like Gecko) Version/5.1 Mobile/9B206 Safari/7534.48.3"
192.168.15.142 - - [02/Oct/2012:08:05:47 +0200] "GET /temps/choix.gif HTTP/1.1" 200 2836 "http://intranet-if.insa-lyon.fr/temps/4IF40.html" "Mozilla/5.0 (iPhone; CPU iPhone OS 5_1_1 like Mac OS X) AppleWebKit/534.46 (KHTML, like Gecko) Version/5.1 Mobile/9B206 Safari/7534.48.3"
192.168.15.142 - - [02/Oct/2012:08:05:47 +0200] "GET /temps/suivant.gif HTTP/1.1" 200 1634 "http://intranet-if.insa-lyon.fr/temps/4IF40.html" "Mozilla/5.0 (iPhone; CPU iPhone OS 5_1_1 like Mac OS X) AppleWebKit/534.46 (KHTML, like Gecko) Version/5.1 Mobile/9B206 Safari/7534.48.3"
192.168.15.142 - - [02/Oct/2012:08:05:47 +0200] "GET /temps/FondInsa.jpg HTTP/1.1" 200 2828 "http://intranet-if.insa-lyon.fr/temps/4IF40.html" "Mozilla/5.0 (iPhone; CPU iPhone OS 5_1_1 like Mac OS X) AppleWebKit/534.46 (KHTML, like Gecko) Version/5.1 Mobile/9B206 Safari/7534.48.3"
192.168.6.125 - - [02/Oct/2012:08:06:53 +0200] "GET /SiteWebIF/Intranet-etudiant.php HTTP/1.1" 302 477 "http://if.insa-lyon.fr/" "Mozilla/5.0 (Windows NT 5.1; rv:13.0) Gecko/20100101 Firefox/13.0.1"
192.168.6.125 - - [02/Oct/2012:08:07:01 +0200] "GET /SiteWebIF/Intranet-etudiant.php?ticket=ST-177983-KrYbO74NhYtzdgk0VCmi-dsi-vm03 HTTP/1.1" 302 - "-" "Mozilla/5.0 (Windows NT 5.1; rv:13.0) Gecko/20100101 Firefox/13.0.1"
192.168.6.125 - - [02/Oct/2012:08:07:01 +0200] "GET /SiteWebIF/Intranet-etudiant.php HTTP/1.1" 200 3792 "-" "Mozilla/5.0 (Windows NT 5.1; rv:13.0) Gecko/20100101 Firefox/13.0.1"
192.168.6.125 - - [02/Oct/2012:08:07:03 +0200] "GET /temps/ HTTP/1.1" 304 - "http://intranet-if.insa-lyon.fr/SiteWebIF/Intranet-etudiant.php" "Mozilla/5.0 (Windows NT 5.1; rv:13.0) Gecko/20100101 Firefox/13.0.1"
192.168.6.125 - - [02/Oct/2012:08:07:05 +0200] "GET /temps/4IF40.html HTTP/1.1" 304 - "http://intranet-if.insa-lyon.fr/temps/" "Mozilla/5.0 (Windows NT 5.1; rv:13.0) Gecko/20100101 Firefox/13.0.1"
192.168.15.143 - - [02/Oct/2012:08:07:29 +0200] "GET /temps/4IF40.html HTTP/1.1" 200 19670 "-" "Mozilla/5.0 (Linux; U; Android 2.3.5; en-fr; HTC_WildfireS_A510e Build/GRJ90) AppleWebKit/533.1 (KHTML, like Gecko) Version/4.0 Mobile Safari/533.1"
192.168.8.9 - - [02/Oct/2012:08:08:04 +0200] "GET /temps/5IF40.html HTTP/1.1" 200 17045 "http://intranet-if.insa-lyon.fr/temps/5IF41.html" "Mozilla/5.0 (Windows NT 6.1; WOW64) AppleWebKit/537.4 (KHTML, like Gecko) Chrome/22.0.1229.79 Safari/537.4"
192.168.8.9 - - [02/Oct/2012:08:08:04 +0200] "GET /stages/ListePFE.php HTTP/1.1" 200 132288 "-" "Mozilla/5.0 (Windows NT 6.1; WOW64) AppleWebKit/537.4 (KHTML, like Gecko) Chrome/22.0.1229.79 Safari/537.4"
192.168.6.125 - - [02/Oct/2012:08:08:22 +0200] "GET /temps/4IF41.html HTTP/1.1" 304 - "http://intranet-if.insa-lyon.fr/temps/4IF40.html" "Mozilla/5.0 (Windows NT 5.1; rv:13.0) Gecko/20100101 Firefox/13.0.1"
192.168.6.125 - - [02/Oct/2012:08:08:23 +0200] "GET /temps/4IF42.html HTTP/1.1" 200 18200 "http://intranet-if.insa-lyon.fr/temps/4IF41.html" "Mozilla/5.0 (Windows NT 5.1; rv:13.0) Gecko/20100101 Firefox/13.0.1"
192.168.8.9 - - [02/Oct/2012:08:09:00 +0200] "GET /stages/style_pfe.css HTTP/1.1" 304 - "http://intranet-if.insa-lyon.fr/stages/ListePFE.php" "Mozilla/5.0 (Windows NT 6.1; WOW64) AppleWebKit/537.4 (KHTML, like Gecko) Chrome/22.0.1229.79 Safari/537.4"
192.168.8.9 - - [02/Oct/2012:08:08:59 +0200] "GET /stages/ListePFE.php HTTP/1.1" 200 132288 "-" "Mozilla/5.0 (Windows NT 6.1; WOW64) AppleWebKit/537.4 (KHTML, like Gecko) Chrome/22.0.1229.79 Safari/537.4"
192.168.6.125 - - [02/Oct/2012:08:09:21 +0200] "GET /temps/4IF43.html HTTP/1.1" 304 - "http://intranet-if.insa-lyon.fr/temps/4IF42.html" "Mozilla/5.0 (Windows NT 5.1; rv:13.0) Gecko/20100101 Firefox/13.0.1"
192.168.6.125 - - [02/Oct/2012:08:09:21 +0200] "GET /temps/4IF44.html HTTP/1.1" 304 - "http://intranet-if.insa-lyon.fr/temps/4IF43.html" "Mozilla/5.0 (Windows NT 5.1; rv:13.0) Gecko/20100101 Firefox/13.0.1"
192.168.6.125 - - [02/Oct/2012:08:09:22 +0200] "GET /temps/4IF45.html HTTP/1.1" 304 - "http://intranet-if.insa-lyon.fr/temps/4IF44.html" "Mozilla/5.0 (Windows NT 5.1; rv:13.0) Gecko/20100101 Firefox/13.0.1"
192.168.6.125 - - [02/Oct/2012:08:09:25 +0200] "GET /temps/4IF46.html HTTP/1.1" 304 - "http://intranet-if.insa-lyon.fr/temps/4IF45.html" "Mozilla/5.0 (Windows NT 5.1; rv:13.0) Gecko/20100101 Firefox/13.0.1"
192.168.6.125 - - [02/Oct/2012:08:09:26 +0200] "GET /temps/4IF47.html HTTP/1.1" 304 - "http://intranet-if.insa-lyon.fr/temps/4IF46.html" "Mozilla/5.0 (Windows NT 5.1; rv:13.0) Gecko/20100101 Firefox/13.0.1"
192.168.6.125 - - [02/Oct/2012:08:09:27 +0200] "GET /temps/4IF48.html HTTP/1.1" 304 - "http://intranet-if.insa-lyon.fr/temps/4IF47.html" "Mozilla/5.0 (Windows NT 5.1; rv:13.0) Gecko/20100101 Firefox/13.0.1"
192.168.6.125 - - [02/Oct/2012:08:09:28 +0200] "GET /temps/4IF49.html HTTP/1.1" 200 20055 "http://intranet-if.insa-lyon.fr/temps/4IF48.html" "Mozilla/5.0 (Windows NT 5.1; rv:13.0) Gecko/20100101 Firefox/13.0.1"
192.168.6.125 - - [02/Oct/2012:08:09:41 +0200] "GET /stages/Listestage.php HTTP/1.1" 200 74695 "http://intranet-if.insa-lyon.fr/SiteWebIF/Intranet-etudiant.php" "Mozilla/5.0 (Windows NT 5.1; rv:13.0) Gecko/20100101 Firefox/13.0.1"
192.168.0.10 - - [02/Oct/2012:08:10:21 +0200] "GET /notesif/RSS/RSS_4IF.xml HTTP/1.1" 200 57760 "http://intranet-if.insa-lyon.fr/notesif/RSS/RSS_4IF.xml" "Blogtrottr/2.0"
192.168.11.210 - - [02/Oct/2012:08:13:25 +0200] "GET /apple-touch-icon-precomposed.png HTTP/1.1" 404 230 "-" "Mozilla/5.0 (Linux; Android 4.0.4; GT-I9300 Build/IMM76D) AppleWebKit/535.19 (KHTML, like Gecko) Chrome/18.0.1025.166 Mobile Safari/535.19"
192.168.11.210 - - [02/Oct/2012:08:13:25 +0200] "GET /apple-touch-icon.png HTTP/1.1" 404 218 "-" "Mozilla/5.0 (Linux; Android 4.0.4; GT-I9300 Build/IMM76D) AppleWebKit/535.19 (KHTML, like Gecko) Chrome/18.0.1025.166 Mobile Safari/535.19"
192.168.7.90 - - [02/Oct/2012:08:15:39 +0200] "GET /temps/5IF.ics HTTP/1.1" 304 - "-" "DataAccess/1.0 (8J2)"
192.168.12.76 - - [02/Oct/2012:08:15:51 +0200] "GET /temps/4IF3.ics HTTP/1.1" 304 - "-" "Mozilla/5.0 (Windows NT 6.1; rv:15.0) Gecko/20120907 Thunderbird/15.0.1 Lightning/1.7"
192.168.15.18 - - [02/Oct/2012:08:16:09 +0200] "GET /temps/4IF39.html HTTP/1.1" 200 16669 "-" "Mozilla/5.0 (Macintosh; Intel Mac OS X 10_7_5) AppleWebKit/536.25 (KHTML, like Gecko) Version/6.0 Safari/536.25"
192.168.15.18 - - [02/Oct/2012:08:16:09 +0200] "GET /temps/style_emploi_du_temps.css HTTP/1.1" 200 1216 "http://intranet-if.insa-lyon.fr/temps/4IF39.html" "Mozilla/5.0 (Macintosh; Intel Mac OS X 10_7_5) AppleWebKit/536.25 (KHTML, like Gecko) Version/6.0 Safari/536.25"
192.168.15.18 - - [02/Oct/2012:08:16:10 +0200] "GET /temps/FondInsa.jpg HTTP/1.1" 200 2828 "http://intranet-if.insa-lyon.fr/temps/4IF39.html" "Mozilla/5.0 (Macintosh; Intel Mac OS X 10_7_5) AppleWebKit/536.25 (KHTML, like Gecko) Version/6.0 Safari/536.25"
192.168.15.18 - - [02/Oct/2012:08:16:10 +0200] "GET /temps/precedent.gif HTTP/1.1" 200 1906 "http://intranet-if.insa-lyon.fr/temps/4IF39.html" "Mozilla/5.0 (Macintosh; Intel Mac OS X 10_7_5) AppleWebKit/536.25 (KHTML, like Gecko) Version/6.0 Safari/536.25"
192.168.15.18 - - [02/Oct/2012:08:16:10 +0200] "GET /temps/choix.gif HTTP/1.1" 200 2836 "http://intranet-if.insa-lyon.fr/temps/4IF39.html" "Mozilla/5.0 (Macintosh; Intel Mac OS X 10_7_5) AppleWebKit/536.25 (KHTML, like Gecko) Version/6.0 Safari/536.25"
192.168.15.18 - - [02/Oct/2012:08:16:10 +0200] "GET /temps/suivant.gif HTTP/1.1" 200 1634 "http://intranet-if.insa-lyon.fr/temps/4IF39.html" "Mozilla/5.0 (Macintosh; Intel Mac OS X 10_7_5) AppleWebKit/536.25 (KHTML, like Gecko) Version/6.0 Safari/536.25"
192.168.2.170 - - [02/Oct/2012:08:17:50 +0200] "GET /temps/3IF3.ics HTTP/1.1" 304 - "-" "iOS/6.0 (10A403) dataaccessd/1.0"
192.168.15.144 - - [02/Oct/2012:08:24:21 +0200] "GET /temps/index.html HTTP/1.1" 200 6835 "-" "Mozilla/5.0 (Linux; U; Android 2.3.6; fr-fr; GT-S5839i Build/GINGERBREAD) AppleWebKit/533.1 (KHTML, like Gecko) Version/4.0 Mobile Safari/533.1"
192.168.4.103 - - [02/Oct/2012:08:25:00 +0200] "GET /temps/WO.ics HTTP/1.1" 200 6435 "-" "Mozilla/5.0 (compatible; Googlebot/2.1; +http://www.google.com/bot.html)"
192.168.1.84 - - [02/Oct/2012:08:27:01 +0200] "GET /temps/GO.ics HTTP/1.1" 200 10971 "-" "iCal/1395.7 CFNetwork/454.12.4 Darwin/10.8.0 (i386) (MacBookPro5%2C2)"
192.168.2.170 - - [02/Oct/2012:08:27:52 +0200] "GET /temps/3IF3.ics HTTP/1.1" 304 - "-" "iOS/6.0 (10A403) dataaccessd/1.0"
192.168.15.145 - - [02/Oct/2012:08:31:07 +0200] "GET /temps/4IF3.ics HTTP/1.1" 304 - "-" "iOS/6.0 (10A403) dataaccessd/1.0"
192.168.8.9 - - [02/Oct/2012:08:32:26 +0200] "GET /stages/ListePFE.php HTTP/1.1" 200 132288 "-" "Mozilla/5.0 (Windows NT 6.1; WOW64) AppleWebKit/537.4 (KHTML, like Gecko) Chrome/22.0.1229.79 Safari/537.4"
192.168.3.161 - - [02/Oct/2012:08:37:58 +0200] "GET /apple-touch-icon-precomposed.png HTTP/1.1" 404 230 "-" "Mozilla/5.0 (Linux; Android 4.1.1; Nexus S Build/JRO03E) AppleWebKit/535.19 (KHTML, like Gecko) Chrome/18.0.1025.166 Mobile Safari/535.19"
192.168.3.161 - - [02/Oct/2012:08:37:59 +0200] "GET /apple-touch-icon.png HTTP/1.1" 404 218 "-" "Mozilla/5.0 (Linux; Android 4.1.1; Nexus S Build/JRO03E) AppleWebKit/535.19 (KHTML, like Gecko) Chrome/18.0.1025.166 Mobile Safari/535.19"
192.168.13.75 - - [02/Oct/2012:08:38:00 +0200] "GET /notesif/RSS/RSS_3IF.xml HTTP/1.1" 200 95847 "-" "Feedfetcher-Google; (+http://www.google.com/feedfetcher.html; 2 subscribers; feed-id=16425187501328177924)"
192.168.3.161 - - [02/Oct/2012:08:38:03 +0200] "GET /temps/5IF40.html HTTP/1.1" 200 17045 "http://intranet-if.insa-lyon.fr/temps/" "Mozilla/5.0 (Linux; Android 4.1.1; Nexus S Build/JRO03E) AppleWebKit/535.19 (KHTML, like Gecko) Chrome/18.0.1025.166 Mobile Safari/535.19"
192.168.3.161 - - [02/Oct/2012:08:38:03 +0200] "GET /temps/style_emploi_du_temps.css HTTP/1.1" 304 - "http://intranet-if.insa-lyon.fr/temps/5IF40.html" "Mozilla/5.0 (Linux; Android 4.1.1; Nexus S Build/JRO03E) AppleWebKit/535.19 (KHTML, like Gecko) Chrome/18.0.1025.166 Mobile Safari/535.19"
192.168.3.161 - - [02/Oct/2012:08:38:03 +0200] "GET /temps/FondInsa.jpg HTTP/1.1" 304 - "http://intranet-if.insa-lyon.fr/temps/5IF40.html" "Mozilla/5.0 (Linux; Android 4.1.1; Nexus S Build/JRO03E) AppleWebKit/535.19 (KHTML, like Gecko) Chrome/18.0.1025.166 Mobile Safari/535.19"
192.168.3.161 - - [02/Oct/2012:08:38:03 +0200] "GET /temps/precedent.gif HTTP/1.1" 304 - "http://intranet-if.insa-lyon.fr/temps/5IF40.html" "Mozilla/5.0 (Linux; Android 4.1.1; Nexus S Build/JRO03E) AppleWebKit/535.19 (KHTML, like Gecko) Chrome/18.0.1025.166 Mobile Safari/535.19"
192.168.3.161 - - [02/Oct/2012:08:38:04 +0200] "GET /temps/choix.gif HTTP/1.1" 304 - "http://intranet-if.insa-lyon.fr/temps/5IF40.html" "Mozilla/5.0 (Linux; Android 4.1.1; Nexus S Build/JRO03E) AppleWebKit/535.19 (KHTML, like Gecko) Chrome/18.0.1025.166 Mobile Safari/535.19"
192.168.3.161 - - [02/Oct/2012:08:38:04 +0200] "GET /temps/suivant.gif HTTP/1.1" 304 - "http://intranet-if.insa-lyon.fr/temps/5IF40.html" "Mozilla/5.0 (Linux; Android 4.1.1; Nexus S Build/JRO03E) AppleWebKit/535.19 (KHTML, like Gecko) Chrome/18.0.1025.166 Mobile Safari/535.19"
192.168.3.161 - - [02/Oct/2012:08:38:04 +0200] "GET /apple-touch-icon-precomposed.png HTTP/1.1" 404 230 "-" "Mozilla/5.0 (Linux; Android 4.1.1; Nexus S Build/JRO03E) AppleWebKit/535.19 (KHTML, like Gecko) Chrome/18.0.1025.166 Mobile Safari/535.19"
192.168.3.161 - - [02/Oct/2012:08:38:04 +0200] "GET /apple-touch-icon.png HTTP/1.1" 404 218 "-" "Mozilla/5.0 (Linux; Android 4.1.1; Nexus S Build/JRO03E) AppleWebKit/535.19 (KHTML, like Gecko) Chrome/18.0.1025.166 Mobile Safari/535.19"
192.168.13.241 - - [02/Oct/2012:08:41:34 +0200] "GET /temps/5IF40.html HTTP/1.1" 200 17045 "http://intranet-if.insa-lyon.fr/temps/" "Mozilla/5.0 (Windows NT 6.1; WOW64) AppleWebKit/535.11 (KHTML, like Gecko) Chrome/17.0.963.83 Safari/535.11"
192.168.13.241 - - [02/Oct/2012:08:41:34 +0200] "GET /temps/style_emploi_du_temps.css HTTP/1.1" 304 - "http://intranet-if.insa-lyon.fr/temps/5IF40.html" "Mozilla/5.0 (Windows NT 6.1; WOW64) AppleWebKit/535.11 (KHTML, like Gecko) Chrome/17.0.963.83 Safari/535.11"
192.168.13.241 - - [02/Oct/2012:08:41:34 +0200] "GET /temps/FondInsa.jpg HTTP/1.1" 304 - "http://intranet-if.insa-lyon.fr/temps/5IF40.html" "Mozilla/5.0 (Windows NT 6.1; WOW64) AppleWebKit/535.11 (KHTML, like Gecko) Chrome/17.0.963.83 Safari/535.11"
192.168.13.241 - - [02/Oct/2012:08:41:34 +0200] "GET /temps/precedent.gif HTTP/1.1" 304 - "http://intranet-if.insa-lyon.fr/temps/5IF40.html" "Mozilla/5.0 (Windows NT 6.1; WOW64) AppleWebKit/535.11 (KHTML, like Gecko) Chrome/17.0.963.83 Safari/535.11"
192.168.13.241 - - [02/Oct/2012:08:41:34 +0200] "GET /temps/choix.gif HTTP/1.1" 304 - "http://intranet-if.insa-lyon.fr/temps/5IF40.html" "Mozilla/5.0 (Windows NT 6.1; WOW64) AppleWebKit/535.11 (KHTML, like Gecko) Chrome/17.0.963.83 Safari/535.11"
192.168.13.241 - - [02/Oct/2012:08:41:34 +0200] "GET /temps/suivant.gif HTTP/1.1" 304 - "http://intranet-if.insa-lyon.fr/temps/5IF40.html" "Mozilla/5.0 (Windows NT 6.1; WOW64) AppleWebKit/535.11 (KHTML, like Gecko) Chrome/17.0.963.83 Safari/535.11"
192.168.13.241 - - [02/Oct/2012:08:41:34 +0200] "GET /temps/InsaIF.ico HTTP/1.1" 200 766 "-" "Mozilla/5.0 (Windows NT 6.1; WOW64) AppleWebKit/535.11 (KHTML, like Gecko) Chrome/17.0.963.83 Safari/535.11"
192.168.13.241 - - [02/Oct/2012:08:41:37 +0200] "GET /temps/5IF41.html HTTP/1.1" 200 23919 "http://intranet-if.insa-lyon.fr/temps/5IF40.html" "Mozilla/5.0 (Windows NT 6.1; WOW64) AppleWebKit/535.11 (KHTML, like Gecko) Chrome/17.0.963.83 Safari/535.11"
192.168.4.103 - - [02/Oct/2012:08:43:15 +0200] "GET /temps/SB.ics HTTP/1.1" 200 17468 "-" "Mozilla/5.0 (compatible; Googlebot/2.1; +http://www.google.com/bot.html)"
192.168.0.137 - - [02/Oct/2012:08:43:28 +0200] "GET /robots.txt HTTP/1.1" 404 208 "-" "-"
192.168.3.94 - - [02/Oct/2012:08:44:24 +0200] "GET /temps/3IF3.ics HTTP/1.1" 304 - "-" "iOS/6.0 (10A403) dataaccessd/1.0"
192.168.12.76 - - [02/Oct/2012:08:45:51 +0200] "GET /temps/4IF3.ics HTTP/1.1" 304 - "-" "Mozilla/5.0 (Windows NT 6.1; rv:15.0) Gecko/20120907 Thunderbird/15.0.1 Lightning/1.7"
192.168.7.90 - - [02/Oct/2012:08:48:05 +0200] "GET /temps/5IF.ics HTTP/1.1" 304 - "-" "DataAccess/1.0 (8J2)"
192.168.15.146 - - [02/Oct/2012:08:50:52 +0200] "GET /temps/3IF40.html HTTP/1.1" 200 23794 "-" "Mozilla/5.0 (Windows NT 6.1; WOW64) AppleWebKit/534.57.2 (KHTML, like Gecko) Version/5.1.7 Safari/534.57.2"
192.168.0.41 - - [02/Oct/2012:08:52:03 +0200] "GET /temps/ML.ics HTTP/1.1" 304 - "-" "Mozilla/4.0 (compatible; MSIE 6.0; Windows NT 5.1; SV1; .NET CLR 1.1.4322) Zimbra/2.0"
192.168.15.147 - - [02/Oct/2012:08:52:05 +0200] "GET /temps/4IF40.html HTTP/1.1" 200 19670 "http://intranet-if.insa-lyon.fr/temps/" "Mozilla/5.0 (iPad; CPU OS 6_0 like Mac OS X) AppleWebKit/536.26 (KHTML, like Gecko) Version/6.0 Mobile/10A403 Safari/8536.25"
192.168.15.147 - - [02/Oct/2012:08:52:05 +0200] "GET /temps/style_emploi_du_temps.css HTTP/1.1" 304 - "http://intranet-if.insa-lyon.fr/temps/4IF40.html" "Mozilla/5.0 (iPad; CPU OS 6_0 like Mac OS X) AppleWebKit/536.26 (KHTML, like Gecko) Version/6.0 Mobile/10A403 Safari/8536.25"
192.168.15.147 - - [02/Oct/2012:08:52:05 +0200] "GET /temps/precedent.gif HTTP/1.1" 304 - "http://intranet-if.insa-lyon.fr/temps/4IF40.html" "Mozilla/5.0 (iPad; CPU OS 6_0 like Mac OS X) AppleWebKit/536.26 (KHTML, like Gecko) Version/6.0 Mobile/10A403 Safari/8536.25"
192.168.15.147 - - [02/Oct/2012:08:52:05 +0200] "GET /temps/choix.gif HTTP/1.1" 304 - "http://intranet-if.insa-lyon.fr/temps/4IF40.html" "Mozilla/5.0 (iPad; CPU OS 6_0 like Mac OS X) AppleWebKit/536.26 (KHTML, like Gecko) Version/6.0 Mobile/10A403 Safari/8536.25"
192.168.15.147 - - [02/Oct/2012:08:52:05 +0200] "GET /temps/suivant.gif HTTP/1.1" 304 - "http://intranet-if.insa-lyon.fr/temps/4IF40.html" "Mozilla/5.0 (iPad; CPU OS 6_0 like Mac OS X) AppleWebKit/536.26 (KHTML, like Gecko) Version/6.0 Mobile/10A403 Safari/8536.25"
192.168.15.147 - - [02/Oct/2012:08:52:05 +0200] "GET /temps/FondInsa.jpg HTTP/1.1" 304 - "http://intranet-if.insa-lyon.fr/temps/4IF40.html" "Mozilla/5.0 (iPad; CPU OS 6_0 like Mac OS X) AppleWebKit/536.26 (KHTML, like Gecko) Version/6.0 Mobile/10A403 Safari/8536.25"
192.168.15.147 - - [02/Oct/2012:08:52:56 +0200] "GET /temps/4IF40.html HTTP/1.1" 200 19670 "http://intranet-if.insa-lyon.fr/temps/" "Mozilla/5.0 (iPad; CPU OS 6_0 like Mac OS X) AppleWebKit/536.26 (KHTML, like Gecko) Version/6.0 Mobile/10A403 Safari/8536.25"
192.168.15.147 - - [02/Oct/2012:08:52:56 +0200] "GET /temps/style_emploi_du_temps.css HTTP/1.1" 304 - "http://intranet-if.insa-lyon.fr/temps/4IF40.html" "Mozilla/5.0 (iPad; CPU OS 6_0 like Mac OS X) AppleWebKit/536.26 (KHTML, like Gecko) Version/6.0 Mobile/10A403 Safari/8536.25"
192.168.15.147 - - [02/Oct/2012:08:52:56 +0200] "GET /temps/suivant.gif HTTP/1.1" 304 - "http://intranet-if.insa-lyon.fr/temps/4IF40.html" "Mozilla/5.0 (iPad; CPU OS 6_0 like Mac OS X) AppleWebKit/536.26 (KHTML, like Gecko) Version/6.0 Mobile/10A403 Safari/8536.25"
192.168.15.147 - - [02/Oct/2012:08:52:56 +0200] "GET /temps/precedent.gif HTTP/1.1" 304 - "http://intranet-if.insa-lyon.fr/temps/4IF40.html" "Mozilla/5.0 (iPad; CPU OS 6_0 like Mac OS X) AppleWebKit/536.26 (KHTML, like Gecko) Version/6.0 Mobile/10A403 Safari/8536.25"
192.168.15.147 - - [02/Oct/2012:08:52:56 +0200] "GET /temps/choix.gif HTTP/1.1" 304 - "http://intranet-if.insa-lyon.fr/temps/4IF40.html" "Mozilla/5.0 (iPad; CPU OS 6_0 like Mac OS X) AppleWebKit/536.26 (KHTML, like Gecko) Version/6.0 Mobile/10A403 Safari/8536.25"
192.168.15.147 - - [02/Oct/2012:08:52:58 +0200] "GET /temps/4IF42.html HTTP/1.1" 304 - "-" "Mozilla/5.0 (iPad; CPU OS 6_0 like Mac OS X) AppleWebKit/536.26 (KHTML, like Gecko) Version/6.0 Mobile/10A403 Safari/8536.25"
192.168.15.147 - - [02/Oct/2012:08:52:59 +0200] "GET /SiteWebIF/Intranet-etudiant.php HTTP/1.1" 200 1815 "-" "Mozilla/5.0 (iPad; CPU OS 6_0 like Mac OS X) AppleWebKit/536.26 (KHTML, like Gecko) Version/6.0 Mobile/10A403 Safari/8536.25"
192.168.15.145 - - [02/Oct/2012:08:56:17 +0200] "GET /temps/4IF3.ics HTTP/1.1" 304 - "-" "iOS/6.0 (10A403) dataaccessd/1.0"
192.168.15.146 - - [02/Oct/2012:08:56:43 +0200] "GET /temps/3IF40.html HTTP/1.1" 200 23794 "-" "Mozilla/5.0 (Windows NT 6.1; WOW64) AppleWebKit/534.57.2 (KHTML, like Gecko) Version/5.1.7 Safari/534.57.2"
192.168.15.146 - - [02/Oct/2012:08:56:43 +0200] "GET /temps/style_emploi_du_temps.css HTTP/1.1" 200 1216 "http://intranet-if.insa-lyon.fr/temps/3IF40.html" "Mozilla/5.0 (Windows NT 6.1; WOW64) AppleWebKit/534.57.2 (KHTML, like Gecko) Version/5.1.7 Safari/534.57.2"
192.168.15.146 - - [02/Oct/2012:08:56:44 +0200] "GET /temps/FondInsa.jpg HTTP/1.1" 200 2828 "http://intranet-if.insa-lyon.fr/temps/3IF40.html" "Mozilla/5.0 (Windows NT 6.1; WOW64) AppleWebKit/534.57.2 (KHTML, like Gecko) Version/5.1.7 Safari/534.57.2"
192.168.15.146 - - [02/Oct/2012:08:56:44 +0200] "GET /temps/precedent.gif HTTP/1.1" 200 1906 "http://intranet-if.insa-lyon.fr/temps/3IF40.html" "Mozilla/5.0 (Windows NT 6.1; WOW64) AppleWebKit/534.57.2 (KHTML, like Gecko) Version/5.1.7 Safari/534.57.2"
192.168.15.146 - - [02/Oct/2012:08:56:44 +0200] "GET /temps/suivant.gif HTTP/1.1" 200 1634 "http://intranet-if.insa-lyon.fr/temps/3IF40.html" "Mozilla/5.0 (Windows NT 6.1; WOW64) AppleWebKit/534.57.2 (KHTML, like Gecko) Version/5.1.7 Safari/534.57.2"
192.168.15.146 - - [02/Oct/2012:08:56:44 +0200] "GET /temps/choix.gif HTTP/1.1" 200 2836 "http://intranet-if.insa-lyon.fr/temps/3IF40.html" "Mozilla/5.0 (Windows NT 6.1; WOW64) AppleWebKit/534.57.2 (KHTML, like Gecko) Version/5.1.7 Safari/534.57.2"
192.168.10.219 - - [02/Oct/2012:08:57:20 +0200] "GET /temps/3IF3.ics HTTP/1.1" 304 - "-" "iOS/6.0 (10A403) dataaccessd/1.0"
192.168.9.174 - - [02/Oct/2012:08:57:58 +0200] "GET /temps/FondInsa.jpg HTTP/1.1" 200 2828 "http://intranet-if.insa-lyon.fr/temps/" "Mozilla/5.0 (Linux; U; Android 2.3.7; fr-fr; SonyEricssonST27i Build/6.0.B.3.184) AppleWebKit/533.1 (KHTML, like Gecko) Version/4.0 Mobile Safari/533.1"
192.168.3.139 - - [02/Oct/2012:08:58:00 +0200] "GET /temps/3IF40.html HTTP/1.1" 200 23794 "http://intranet-if.insa-lyon.fr/temps/" "Mozilla/5.0 (Linux; U; Android 2.3.7; fr-fr; SonyEricssonST27i Build/6.0.B.3.184) AppleWebKit/533.1 (KHTML, like Gecko) Version/4.0 Mobile Safari/533.1"
192.168.8.119 - - [02/Oct/2012:08:58:01 +0200] "GET /temps/precedent.gif HTTP/1.1" 200 1906 "http://intranet-if.insa-lyon.fr/temps/3IF40.html" "Mozilla/5.0 (Linux; U; Android 2.3.7; fr-fr; SonyEricssonST27i Build/6.0.B.3.184) AppleWebKit/533.1 (KHTML, like Gecko) Version/4.0 Mobile Safari/533.1"
192.168.7.149 - - [02/Oct/2012:08:58:01 +0200] "GET /temps/choix.gif HTTP/1.1" 200 2836 "http://intranet-if.insa-lyon.fr/temps/3IF40.html" "Mozilla/5.0 (Linux; U; Android 2.3.7; fr-fr; SonyEricssonST27i Build/6.0.B.3.184) AppleWebKit/533.1 (KHTML, like Gecko) Version/4.0 Mobile Safari/533.1"
192.168.15.148 - - [02/Oct/2012:08:58:01 +0200] "GET /temps/suivant.gif HTTP/1.1" 200 1634 "http://intranet-if.insa-lyon.fr/temps/3IF40.html" "Mozilla/5.0 (Linux; U; Android 2.3.7; fr-fr; SonyEricssonST27i Build/6.0.B.3.184) AppleWebKit/533.1 (KHTML, like Gecko) Version/4.0 Mobile Safari/533.1"
192.168.0.110 - - [02/Oct/2012:09:01:05 +0200] "GET /temps/3IF3.ics HTTP/1.1" 200 107407 "-" "Mac OS X/10.8.2 (12C54) CalendarAgent/55"
192.168.3.72 - - [02/Oct/2012:09:01:55 +0200] "GET /temps/3IF40.html HTTP/1.1" 200 23794 "-" "Mozilla/5.0 (iPhone; CPU iPhone OS 5_1_1 like Mac OS X) AppleWebKit/534.46 (KHTML, like Gecko) Version/5.1 Mobile/9B206 Safari/7534.48.3"
192.168.3.72 - - [02/Oct/2012:09:01:56 +0200] "GET /temps/suivant.gif HTTP/1.1" 200 1634 "http://intranet-if.insa-lyon.fr/temps/3IF40.html" "Mozilla/5.0 (iPhone; CPU iPhone OS 5_1_1 like Mac OS X) AppleWebKit/534.46 (KHTML, like Gecko) Version/5.1 Mobile/9B206 Safari/7534.48.3"
192.168.4.103 - - [02/Oct/2012:09:03:55 +0200] "GET /temps/choix_5if.html HTTP/1.1" 304 - "-" "Mozilla/5.0 (compatible; Googlebot/2.1; +http://www.google.com/bot.html)"
192.168.1.77 - - [02/Oct/2012:09:04:54 +0200] "GET /SiteWebIF/Intranet-etudiant.php HTTP/1.1" 302 477 "http://if.insa-lyon.fr/" "Mozilla/5.0 (Windows NT 6.1) AppleWebKit/537.4 (KHTML, like Gecko) Chrome/22.0.1229.79 Safari/537.4"
192.168.15.141 - - [02/Oct/2012:09:04:58 +0200] "GET /temps/4IF4.ics HTTP/1.1" 200 75565 "-" "Mac OS X/10.8.2 (12C54) CalendarAgent/55"
192.168.1.77 - - [02/Oct/2012:09:05:21 +0200] "GET /SiteWebIF/Intranet-etudiant.php HTTP/1.1" 302 477 "http://if.insa-lyon.fr/" "Mozilla/5.0 (Windows NT 6.1) AppleWebKit/537.4 (KHTML, like Gecko) Chrome/22.0.1229.79 Safari/537.4"
192.168.1.77 - - [02/Oct/2012:09:05:22 +0200] "GET /SiteWebIF/Intranet-etudiant.php?ticket=ST-178882-lg1DPB9wkIrVs5SAcWEX-dsi-vm03 HTTP/1.1" 302 - "http://if.insa-lyon.fr/" "Mozilla/5.0 (Windows NT 6.1) AppleWebKit/537.4 (KHTML, like Gecko) Chrome/22.0.1229.79 Safari/537.4"
192.168.1.77 - - [02/Oct/2012:09:05:23 +0200] "GET /SiteWebIF/Intranet-etudiant.php HTTP/1.1" 200 3812 "http://if.insa-lyon.fr/" "Mozilla/5.0 (Windows NT 6.1) AppleWebKit/537.4 (KHTML, like Gecko) Chrome/22.0.1229.79 Safari/537.4"
192.168.1.77 - - [02/Oct/2012:09:05:25 +0200] "GET /notesif HTTP/1.1" 301 248 "http://intranet-if.insa-lyon.fr/SiteWebIF/Intranet-etudiant.php" "Mozilla/5.0 (Windows NT 6.1) AppleWebKit/537.4 (KHTML, like Gecko) Chrome/22.0.1229.79 Safari/537.4"
192.168.1.77 - - [02/Oct/2012:09:05:27 +0200] "GET /notesif/ HTTP/1.1" 302 - "http://intranet-if.insa-lyon.fr/SiteWebIF/Intranet-etudiant.php" "Mozilla/5.0 (Windows NT 6.1) AppleWebKit/537.4 (KHTML, like Gecko) Chrome/22.0.1229.79 Safari/537.4"
192.168.9.45 - - [02/Oct/2012:09:05:37 +0200] "GET /temps/index.html HTTP/1.1" 200 6835 "-" "Mozilla/5.0 (Linux; U; Android 4.0.4; en-us; GT-I9300-ORANGE/I9300BVALF4 Build/IMM76D) AppleWebKit/534.30 (KHTML, like Gecko) Version/4.0 Mobile Safari/534.30"
192.168.9.45 - - [02/Oct/2012:09:05:37 +0200] "GET /temps/style_emploi_du_temps.css HTTP/1.1" 200 1216 "http://intranet-if.insa-lyon.fr/temps/index.html" "Mozilla/5.0 (Linux; U; Android 4.0.4; en-us; GT-I9300-ORANGE/I9300BVALF4 Build/IMM76D) AppleWebKit/534.30 (KHTML, like Gecko) Version/4.0 Mobile Safari/534.30"
192.168.9.45 - - [02/Oct/2012:09:05:37 +0200] "GET /temps/FondInsa.jpg HTTP/1.1" 200 2828 "http://intranet-if.insa-lyon.fr/temps/index.html" "Mozilla/5.0 (Linux; U; Android 4.0.4; en-us; GT-I9300-ORANGE/I9300BVALF4 Build/IMM76D) AppleWebKit/534.30 (KHTML, like Gecko) Version/4.0 Mobile Safari/534.30"
192.168.9.45 - - [02/Oct/2012:09:05:38 +0200] "GET /temps/InsaIF.ico HTTP/1.1" 200 766 "http://intranet-if.insa-lyon.fr/temps/index.html" "Mozilla/5.0 (Linux; U; Android 4.0.4; en-us; GT-I9300-ORANGE/I9300BVALF4 Build/IMM76D) AppleWebKit/534.30 (KHTML, like Gecko) Version/4.0 Mobile Safari/534.30"
192.168.11.19 - - [02/Oct/2012:09:06:51 +0200] "GET /temps/5IF40.html HTTP/1.1" 200 17045 "http://intranet-if.insa-lyon.fr/temps/index.html" "Mozilla/5.0 (X11; Linux i686) AppleWebKit/537.1 (KHTML, like Gecko) Chrome/21.0.1180.89 Safari/537.1"
192.168.9.45 - - [02/Oct/2012:09:07:18 +0200] "GET /temps/4IF39.html HTTP/1.1" 200 16669 "-" "Mozilla/5.0 (Linux; U; Android 4.0.4; en-us; GT-I9300-ORANGE/I9300BVALF4 Build/IMM76D) AppleWebKit/534.30 (KHTML, like Gecko) Version/4.0 Mobile Safari/534.30"
192.168.9.45 - - [02/Oct/2012:09:07:19 +0200] "GET /temps/precedent.gif HTTP/1.1" 200 1906 "http://intranet-if.insa-lyon.fr/temps/4IF39.html" "Mozilla/5.0 (Linux; U; Android 4.0.4; en-us; GT-I9300-ORANGE/I9300BVALF4 Build/IMM76D) AppleWebKit/534.30 (KHTML, like Gecko) Version/4.0 Mobile Safari/534.30"
192.168.9.45 - - [02/Oct/2012:09:07:19 +0200] "GET /temps/choix.gif HTTP/1.1" 200 2836 "http://intranet-if.insa-lyon.fr/temps/4IF39.html" "Mozilla/5.0 (Linux; U; Android 4.0.4; en-us; GT-I9300-ORANGE/I9300BVALF4 Build/IMM76D) AppleWebKit/534.30 (KHTML, like Gecko) Version/4.0 Mobile Safari/534.30"
192.168.9.45 - - [02/Oct/2012:09:07:19 +0200] "GET /temps/suivant.gif HTTP/1.1" 200 1634 "http://intranet-if.insa-lyon.fr/temps/4IF39.html" "Mozilla/5.0 (Linux; U; Android 4.0.4; en-us; GT-I9300-ORANGE/I9300BVALF4 Build/IMM76D) AppleWebKit/534.30 (KHTML, like Gecko) Version/4.0 Mobile Safari/534.30"
192.168.1.193 - - [02/Oct/2012:09:08:00 +0200] "GET /dns/ HTTP/1.1" 200 2025 "-" "Mozilla/5.0 (Windows NT 6.1) AppleWebKit/537.4 (KHTML, like Gecko) Chrome/22.0.1229.79 Safari/537.4"
192.168.1.193 - - [02/Oct/2012:09:08:00 +0200] "GET /favicon.ico HTTP/1.1" 404 209 "-" "Mozilla/5.0 (Windows NT 6.1) AppleWebKit/537.4 (KHTML, like Gecko) Chrome/22.0.1229.79 Safari/537.4"
192.168.1.193 - - [02/Oct/2012:09:08:11 +0200] "GET /dns/vlan.php?vlan=109 HTTP/1.1" 200 146645 "http://intranet-if:90/dns/" "Mozilla/5.0 (Windows NT 6.1) AppleWebKit/537.4 (KHTML, like Gecko) Chrome/22.0.1229.79 Safari/537.4"
192.168.1.193 - - [02/Oct/2012:09:08:11 +0200] "GET /favicon.ico HTTP/1.1" 404 209 "-" "Mozilla/5.0 (Windows NT 6.1) AppleWebKit/537.4 (KHTML, like Gecko) Chrome/22.0.1229.79 Safari/537.4"
192.168.15.149 - - [02/Oct/2012:09:08:33 +0200] "GET /temps/3IF40.html HTTP/1.1" 200 23794 "-" "Mozilla/5.0 (Linux; U; Android 4.1.1; fr-fr; GT-I9300 Build/JRO03R; CyanogenMod-10) AppleWebKit/534.30 (KHTML, like Gecko) Version/4.0 Mobile Safari/534.30"
192.168.1.193 - - [02/Oct/2012:09:08:43 +0200] "GET /dns/form_dns.php?sql=Modifier&vlan=109&adresse_ip=134.214.109.228&nom_dns=&description_user=&no_salle=&nom_labo=&mac=&brassage=&commentaires= HTTP/1.1" 200 4094 "http://intranet-if:90/dns/vlan.php?vlan=109" "Mozilla/5.0 (Windows NT 6.1) AppleWebKit/537.4 (KHTML, like Gecko) Chrome/22.0.1229.79 Safari/537.4"
192.168.1.193 - - [02/Oct/2012:09:08:43 +0200] "GET /favicon.ico HTTP/1.1" 404 209 "-" "Mozilla/5.0 (Windows NT 6.1) AppleWebKit/537.4 (KHTML, like Gecko) Chrome/22.0.1229.79 Safari/537.4"
192.168.1.193 - - [02/Oct/2012:09:09:00 +0200] "POST /dns/mod_base_dns.php HTTP/1.1" 200 1151 "http://intranet-if:90/dns/form_dns.php?sql=Modifier&vlan=109&adresse_ip=134.214.109.228&nom_dns=&description_user=&no_salle=&nom_labo=&mac=&brassage=&commentaires=" "Mozilla/5.0 (Windows NT 6.1) AppleWebKit/537.4 (KHTML, like Gecko) Chrome/22.0.1229.79 Safari/537.4"
192.168.1.193 - - [02/Oct/2012:09:09:00 +0200] "GET /favicon.ico HTTP/1.1" 404 209 "-" "Mozilla/5.0 (Windows NT 6.1) AppleWebKit/537.4 (KHTML, like Gecko) Chrome/22.0.1229.79 Safari/537.4"
192.168.1.193 - - [02/Oct/2012:09:09:01 +0200] "GET /dns/vlan.php?vlan=109 HTTP/1.1" 200 146685 "http://intranet-if:90/dns/mod_base_dns.php" "Mozilla/5.0 (Windows NT 6.1) AppleWebKit/537.4 (KHTML, like Gecko) Chrome/22.0.1229.79 Safari/537.4"
192.168.1.193 - - [02/Oct/2012:09:09:02 +0200] "GET /favicon.ico HTTP/1.1" 404 209 "-" "Mozilla/5.0 (Windows NT 6.1) AppleWebKit/537.4 (KHTML, like Gecko) Chrome/22.0.1229.79 Safari/537.4"
192.168.1.193 - - [02/Oct/2012:09:09:10 +0200] "GET /dns/form_dns.php?sql=Modifier&vlan=109&adresse_ip=134.214.109.198&nom_dns=Simultp3&description_user=&no_salle=&nom_labo=&mac=&brassage=&commentaires= HTTP/1.1" 200 4110 "http://intranet-if:90/dns/vlan.php?vlan=109" "Mozilla/5.0 (Windows NT 6.1) AppleWebKit/537.4 (KHTML, like Gecko) Chrome/22.0.1229.79 Safari/537.4"
192.168.1.193 - - [02/Oct/2012:09:09:11 +0200] "GET /favicon.ico HTTP/1.1" 404 209 "-" "Mozilla/5.0 (Windows NT 6.1) AppleWebKit/537.4 (KHTML, like Gecko) Chrome/22.0.1229.79 Safari/537.4"
192.168.1.193 - - [02/Oct/2012:09:09:13 +0200] "POST /dns/mod_base_dns.php HTTP/1.1" 200 1131 "http://intranet-if:90/dns/form_dns.php?sql=Modifier&vlan=109&adresse_ip=134.214.109.198&nom_dns=Simultp3&description_user=&no_salle=&nom_labo=&mac=&brassage=&commentaires=" "Mozilla/5.0 (Windows NT 6.1) AppleWebKit/537.4 (KHTML, like Gecko) Chrome/22.0.1229.79 Safari/537.4"
192.168.1.193 - - [02/Oct/2012:09:09:13 +0200] "GET /favicon.ico HTTP/1.1" 404 209 "-" "Mozilla/5.0 (Windows NT 6.1) AppleWebKit/537.4 (KHTML, like Gecko) Chrome/22.0.1229.79 Safari/537.4"
192.168.1.193 - - [02/Oct/2012:09:09:14 +0200] "GET /dns/vlan.php?vlan=109 HTTP/1.1" 200 146669 "http://intranet-if:90/dns/mod_base_dns.php" "Mozilla/5.0 (Windows NT 6.1) AppleWebKit/537.4 (KHTML, like Gecko) Chrome/22.0.1229.79 Safari/537.4"
192.168.1.193 - - [02/Oct/2012:09:09:14 +0200] "GET /favicon.ico HTTP/1.1" 404 209 "-" "Mozilla/5.0 (Windows NT 6.1) AppleWebKit/537.4 (KHTML, like Gecko) Chrome/22.0.1229.79 Safari/537.4"
192.168.0.10 - - [02/Oct/2012:09:09:39 +0200] "GET /notesif/RSS/RSS_4IF.xml HTTP/1.1" 200 57760 "http://intranet-if.insa-lyon.fr/notesif/RSS/RSS_4IF.xml" "Blogtrottr/2.0"
192.168.15.146 - - [02/Oct/2012:09:11:49 +0200] "GET /temps/ HTTP/1.1" 200 6835 "-" "Mozilla/5.0 (Windows NT 6.1; WOW64) AppleWebKit/534.57.2 (KHTML, like Gecko) Version/5.1.7 Safari/534.57.2"
192.168.15.146 - - [02/Oct/2012:09:11:49 +0200] "GET /temps/style_emploi_du_temps.css HTTP/1.1" 200 1216 "http://intranet-if.insa-lyon.fr/temps/" "Mozilla/5.0 (Windows NT 6.1; WOW64) AppleWebKit/534.57.2 (KHTML, like Gecko) Version/5.1.7 Safari/534.57.2"
192.168.15.146 - - [02/Oct/2012:09:11:49 +0200] "GET /temps/FondInsa.jpg HTTP/1.1" 200 2828 "http://intranet-if.insa-lyon.fr/temps/" "Mozilla/5.0 (Windows NT 6.1; WOW64) AppleWebKit/534.57.2 (KHTML, like Gecko) Version/5.1.7 Safari/534.57.2"
192.168.15.150 - - [02/Oct/2012:09:12:22 +0200] "GET /temps/3IF3.ics HTTP/1.1" 304 - "-" "iOS/6.0 (10A403) dataaccessd/1.0"
192.168.12.76 - - [02/Oct/2012:09:15:51 +0200] "GET /temps/4IF3.ics HTTP/1.1" 304 - "-" "Mozilla/5.0 (Windows NT 6.1; rv:15.0) Gecko/20120907 Thunderbird/15.0.1 Lightning/1.7"
192.168.7.232 - - [02/Oct/2012:09:18:11 +0200] "GET /apple-touch-icon-precomposed.png HTTP/1.1" 404 230 "-" "Mozilla/5.0 (Linux; Android 4.0.3; ARCHOS 80G9 Build/MR1) AppleWebKit/535.19 (KHTML, like Gecko) Chrome/18.0.1025.166  Safari/535.19"
192.168.7.232 - - [02/Oct/2012:09:18:11 +0200] "GET /apple-touch-icon.png HTTP/1.1" 404 218 "-" "Mozilla/5.0 (Linux; Android 4.0.3; ARCHOS 80G9 Build/MR1) AppleWebKit/535.19 (KHTML, like Gecko) Chrome/18.0.1025.166  Safari/535.19"
192.168.0.249 - - [02/Oct/2012:09:18:41 +0200] "GET /temps/5IF40.html HTTP/1.1" 200 17045 "-" "Mozilla/5.0 (Windows NT 6.1; WOW64) AppleWebKit/537.4 (KHTML, like Gecko) Chrome/22.0.1229.79 Safari/537.4"
192.168.0.249 - - [02/Oct/2012:09:19:42 +0200] "GET /temps/5IF41.html HTTP/1.1" 200 23919 "http://intranet-if.insa-lyon.fr/temps/5IF40.html" "Mozilla/5.0 (Windows NT 6.1; WOW64) AppleWebKit/537.4 (KHTML, like Gecko) Chrome/22.0.1229.79 Safari/537.4"
192.168.7.232 - - [02/Oct/2012:09:20:09 +0200] "GET /apple-touch-icon-precomposed.png HTTP/1.1" 404 230 "-" "Mozilla/5.0 (Linux; Android 4.0.3; ARCHOS 80G9 Build/MR1) AppleWebKit/535.19 (KHTML, like Gecko) Chrome/18.0.1025.166  Safari/535.19"
192.168.7.232 - - [02/Oct/2012:09:20:09 +0200] "GET /apple-touch-icon.png HTTP/1.1" 404 218 "-" "Mozilla/5.0 (Linux; Android 4.0.3; ARCHOS 80G9 Build/MR1) AppleWebKit/535.19 (KHTML, like Gecko) Chrome/18.0.1025.166  Safari/535.19"
192.168.14.123 - - [02/Oct/2012:09:20:13 +0200] "GET /stages/InsaIF.ico HTTP/1.1" 200 766 "-" "Mozilla/5.0 (Windows NT 6.1; WOW64; rv:15.0) Gecko/20100101 Firefox/15.0.1"
192.168.7.232 - - [02/Oct/2012:09:20:14 +0200] "GET /temps/5IF40.html HTTP/1.1" 200 17045 "http://intranet-if.insa-lyon.fr/temps/index.html" "Mozilla/5.0 (Linux; Android 4.0.3; ARCHOS 80G9 Build/MR1) AppleWebKit/535.19 (KHTML, like Gecko) Chrome/18.0.1025.166  Safari/535.19"
192.168.7.232 - - [02/Oct/2012:09:20:14 +0200] "GET /apple-touch-icon-precomposed.png HTTP/1.1" 404 230 "-" "Mozilla/5.0 (Linux; Android 4.0.3; ARCHOS 80G9 Build/MR1) AppleWebKit/535.19 (KHTML, like Gecko) Chrome/18.0.1025.166  Safari/535.19"
192.168.7.232 - - [02/Oct/2012:09:20:14 +0200] "GET /apple-touch-icon.png HTTP/1.1" 404 218 "-" "Mozilla/5.0 (Linux; Android 4.0.3; ARCHOS 80G9 Build/MR1) AppleWebKit/535.19 (KHTML, like Gecko) Chrome/18.0.1025.166  Safari/535.19"
192.168.0.249 - - [02/Oct/2012:09:21:13 +0200] "GET /temps/5IF42.html HTTP/1.1" 200 20720 "http://intranet-if.insa-lyon.fr/temps/5IF41.html" "Mozilla/5.0 (Windows NT 6.1; WOW64) AppleWebKit/537.4 (KHTML, like Gecko) Chrome/22.0.1229.79 Safari/537.4"
192.168.0.249 - - [02/Oct/2012:09:21:47 +0200] "GET /temps/5IF43.html HTTP/1.1" 200 12881 "http://intranet-if.insa-lyon.fr/temps/5IF42.html" "Mozilla/5.0 (Windows NT 6.1; WOW64) AppleWebKit/537.4 (KHTML, like Gecko) Chrome/22.0.1229.79 Safari/537.4"
192.168.8.9 - - [02/Oct/2012:09:21:51 +0200] "GET /temps/5IF40.html HTTP/1.1" 304 - "http://intranet-if.insa-lyon.fr/temps/5IF41.html" "Mozilla/5.0 (Windows NT 6.1; WOW64) AppleWebKit/537.4 (KHTML, like Gecko) Chrome/22.0.1229.79 Safari/537.4"
192.168.8.9 - - [02/Oct/2012:09:21:51 +0200] "GET /temps/style_emploi_du_temps.css HTTP/1.1" 304 - "http://intranet-if.insa-lyon.fr/temps/5IF40.html" "Mozilla/5.0 (Windows NT 6.1; WOW64) AppleWebKit/537.4 (KHTML, like Gecko) Chrome/22.0.1229.79 Safari/537.4"
192.168.8.9 - - [02/Oct/2012:09:21:51 +0200] "GET /temps/precedent.gif HTTP/1.1" 304 - "http://intranet-if.insa-lyon.fr/temps/5IF40.html" "Mozilla/5.0 (Windows NT 6.1; WOW64) AppleWebKit/537.4 (KHTML, like Gecko) Chrome/22.0.1229.79 Safari/537.4"
192.168.8.9 - - [02/Oct/2012:09:21:51 +0200] "GET /temps/choix.gif HTTP/1.1" 304 - "http://intranet-if.insa-lyon.fr/temps/5IF40.html" "Mozilla/5.0 (Windows NT 6.1; WOW64) AppleWebKit/537.4 (KHTML, like Gecko) Chrome/22.0.1229.79 Safari/537.4"
192.168.8.9 - - [02/Oct/2012:09:21:51 +0200] "GET /temps/suivant.gif HTTP/1.1" 304 - "http://intranet-if.insa-lyon.fr/temps/5IF40.html" "Mozilla/5.0 (Windows NT 6.1; WOW64) AppleWebKit/537.4 (KHTML, like Gecko) Chrome/22.0.1229.79 Safari/537.4"
192.168.2.168 - - [02/Oct/2012:09:22:42 +0200] "GET /temps/3IF40.html HTTP/1.1" 200 23794 "-" "Mozilla/5.0 (iPhone; U; CPU iPhone OS 4_3_1 like Mac OS X; fr-fr) AppleWebKit/533.17.9 (KHTML, like Gecko) Version/5.0.2 Mobile/8G4 Safari/6533.18.5"
192.168.15.18 - - [02/Oct/2012:09:23:05 +0200] "GET /temps/4IF39.html HTTP/1.1" 200 16669 "-" "Mozilla/5.0 (Macintosh; Intel Mac OS X 10_7_5) AppleWebKit/536.25 (KHTML, like Gecko) Version/6.0 Safari/536.25"
192.168.15.18 - - [02/Oct/2012:09:23:05 +0200] "GET /temps/style_emploi_du_temps.css HTTP/1.1" 200 1216 "http://intranet-if.insa-lyon.fr/temps/4IF39.html" "Mozilla/5.0 (Macintosh; Intel Mac OS X 10_7_5) AppleWebKit/536.25 (KHTML, like Gecko) Version/6.0 Safari/536.25"
192.168.15.18 - - [02/Oct/2012:09:23:05 +0200] "GET /temps/FondInsa.jpg HTTP/1.1" 200 2828 "http://intranet-if.insa-lyon.fr/temps/4IF39.html" "Mozilla/5.0 (Macintosh; Intel Mac OS X 10_7_5) AppleWebKit/536.25 (KHTML, like Gecko) Version/6.0 Safari/536.25"
192.168.15.18 - - [02/Oct/2012:09:23:05 +0200] "GET /temps/suivant.gif HTTP/1.1" 200 1634 "http://intranet-if.insa-lyon.fr/temps/4IF39.html" "Mozilla/5.0 (Macintosh; Intel Mac OS X 10_7_5) AppleWebKit/536.25 (KHTML, like Gecko) Version/6.0 Safari/536.25"
192.168.15.18 - - [02/Oct/2012:09:23:05 +0200] "GET /temps/choix.gif HTTP/1.1" 200 2836 "http://intranet-if.insa-lyon.fr/temps/4IF39.html" "Mozilla/5.0 (Macintosh; Intel Mac OS X 10_7_5) AppleWebKit/536.25 (KHTML, like Gecko) Version/6.0 Safari/536.25"
192.168.15.18 - - [02/Oct/2012:09:23:05 +0200] "GET /temps/precedent.gif HTTP/1.1" 200 1906 "http://intranet-if.insa-lyon.fr/temps/4IF39.html" "Mozilla/5.0 (Macintosh; Intel Mac OS X 10_7_5) AppleWebKit/536.25 (KHTML, like Gecko) Version/6.0 Safari/536.25"
192.168.2.168 - - [02/Oct/2012:09:23:08 +0200] "GET /temps/style_emploi_du_temps.css HTTP/1.1" 200 1216 "http://intranet-if.insa-lyon.fr/temps/3IF40.html" "Mozilla/5.0 (iPhone; U; CPU iPhone OS 4_3_1 like Mac OS X; fr-fr) AppleWebKit/533.17.9 (KHTML, like Gecko) Version/5.0.2 Mobile/8G4 Safari/6533.18.5"
192.168.2.168 - - [02/Oct/2012:09:23:17 +0200] "GET /temps/precedent.gif HTTP/1.1" 200 1906 "http://intranet-if.insa-lyon.fr/temps/3IF40.html" "Mozilla/5.0 (iPhone; U; CPU iPhone OS 4_3_1 like Mac OS X; fr-fr) AppleWebKit/533.17.9 (KHTML, like Gecko) Version/5.0.2 Mobile/8G4 Safari/6533.18.5"
192.168.2.168 - - [02/Oct/2012:09:23:18 +0200] "GET /temps/choix.gif HTTP/1.1" 200 2836 "http://intranet-if.insa-lyon.fr/temps/3IF40.html" "Mozilla/5.0 (iPhone; U; CPU iPhone OS 4_3_1 like Mac OS X; fr-fr) AppleWebKit/533.17.9 (KHTML, like Gecko) Version/5.0.2 Mobile/8G4 Safari/6533.18.5"
192.168.2.168 - - [02/Oct/2012:09:23:19 +0200] "GET /temps/suivant.gif HTTP/1.1" 200 1634 "http://intranet-if.insa-lyon.fr/temps/3IF40.html" "Mozilla/5.0 (iPhone; U; CPU iPhone OS 4_3_1 like Mac OS X; fr-fr) AppleWebKit/533.17.9 (KHTML, like Gecko) Version/5.0.2 Mobile/8G4 Safari/6533.18.5"
192.168.15.146 - - [02/Oct/2012:09:23:20 +0200] "GET /temps/ HTTP/1.1" 200 6835 "-" "Mozilla/5.0 (Windows NT 6.1; WOW64) AppleWebKit/534.57.2 (KHTML, like Gecko) Version/5.1.7 Safari/534.57.2"
192.168.15.146 - - [02/Oct/2012:09:23:20 +0200] "GET /temps/style_emploi_du_temps.css HTTP/1.1" 200 1216 "http://intranet-if.insa-lyon.fr/temps/" "Mozilla/5.0 (Windows NT 6.1; WOW64) AppleWebKit/534.57.2 (KHTML, like Gecko) Version/5.1.7 Safari/534.57.2"
192.168.15.146 - - [02/Oct/2012:09:23:20 +0200] "GET /temps/FondInsa.jpg HTTP/1.1" 200 2828 "http://intranet-if.insa-lyon.fr/temps/" "Mozilla/5.0 (Windows NT 6.1; WOW64) AppleWebKit/534.57.2 (KHTML, like Gecko) Version/5.1.7 Safari/534.57.2"
192.168.1.198 - - [02/Oct/2012:09:24:08 +0200] "GET /SiteWebIF/Intranet-personnel.php HTTP/1.1" 302 478 "http://if.insa-lyon.fr/" "Mozilla/4.0 (compatible; MSIE 7.0; Windows NT 6.1; Trident/5.0; SLCC2; .NET CLR 2.0.50727; .NET CLR 3.5.30729; .NET CLR 3.0.30729; Media Center PC 6.0; InfoPath.2; Tablet PC 2.0; MALC)"
192.168.1.198 - - [02/Oct/2012:09:24:19 +0200] "GET /SiteWebIF/Intranet-personnel.php?ticket=ST-179257-j7plE7fXIunGVkd7Gq4B-dsi-vm03 HTTP/1.1" 302 - "-" "Mozilla/4.0 (compatible; MSIE 7.0; Windows NT 6.1; Trident/5.0; SLCC2; .NET CLR 2.0.50727; .NET CLR 3.5.30729; .NET CLR 3.0.30729; Media Center PC 6.0; InfoPath.2; Tablet PC 2.0; MALC)"
192.168.1.198 - - [02/Oct/2012:09:24:19 +0200] "GET /SiteWebIF/Intranet-personnel.php HTTP/1.1" 200 4970 "-" "Mozilla/4.0 (compatible; MSIE 7.0; Windows NT 6.1; Trident/5.0; SLCC2; .NET CLR 2.0.50727; .NET CLR 3.5.30729; .NET CLR 3.0.30729; Media Center PC 6.0; InfoPath.2; Tablet PC 2.0; MALC)"
192.168.0.249 - - [02/Oct/2012:09:24:29 +0200] "GET /temps/5IF44.html HTTP/1.1" 200 5207 "http://intranet-if.insa-lyon.fr/temps/5IF43.html" "Mozilla/5.0 (Windows NT 6.1; WOW64) AppleWebKit/537.4 (KHTML, like Gecko) Chrome/22.0.1229.79 Safari/537.4"
192.168.1.198 - - [02/Oct/2012:09:24:29 +0200] "GET /temps/5IF27.html HTTP/1.1" 200 6504 "-" "Mozilla/4.0 (compatible; MSIE 7.0; Windows NT 6.1; Trident/5.0; SLCC2; .NET CLR 2.0.50727; .NET CLR 3.5.30729; .NET CLR 3.0.30729; Media Center PC 6.0; InfoPath.2; Tablet PC 2.0; MALC)"
192.168.0.249 - - [02/Oct/2012:09:24:34 +0200] "GET /temps/5IF45.html HTTP/1.1" 200 20894 "http://intranet-if.insa-lyon.fr/temps/5IF44.html" "Mozilla/5.0 (Windows NT 6.1; WOW64) AppleWebKit/537.4 (KHTML, like Gecko) Chrome/22.0.1229.79 Safari/537.4"
192.168.0.249 - - [02/Oct/2012:09:25:36 +0200] "GET /temps/5IF46.html HTTP/1.1" 200 24448 "http://intranet-if.insa-lyon.fr/temps/5IF45.html" "Mozilla/5.0 (Windows NT 6.1; WOW64) AppleWebKit/537.4 (KHTML, like Gecko) Chrome/22.0.1229.79 Safari/537.4"
192.168.1.81 - - [02/Oct/2012:09:25:47 +0200] "GET /temps/PL.ics HTTP/1.1" 200 10935 "-" "CalendarStore/5.0.3 (1204.2); iCal/5.0.3 (1605.4); Mac OS X/10.7.5 (11G56)"
192.168.15.117 - - [02/Oct/2012:09:26:01 +0200] "GET /temps/3IF40.html HTTP/1.1" 304 - "http://intranet-if.insa-lyon.fr/temps/index.html" "Mozilla/5.0 (Windows NT 6.1; WOW64) AppleWebKit/536.11 (KHTML, like Gecko) Chrome/20.0.1132.57 Safari/536.11"
192.168.15.150 - - [02/Oct/2012:09:26:19 +0200] "GET /temps/3IF3.ics HTTP/1.1" 304 - "-" "iOS/6.0 (10A403) dataaccessd/1.0"
192.168.0.249 - - [02/Oct/2012:09:26:21 +0200] "GET /temps/5IF47.html HTTP/1.1" 200 22107 "http://intranet-if.insa-lyon.fr/temps/5IF46.html" "Mozilla/5.0 (Windows NT 6.1; WOW64) AppleWebKit/537.4 (KHTML, like Gecko) Chrome/22.0.1229.79 Safari/537.4"
192.168.1.87 - - [02/Oct/2012:09:26:31 +0200] "GET /temps/TA.ics HTTP/1.1" 200 11871 "-" "Mozilla/5.0 (Windows NT 5.1; rv:12.0) Gecko/20120428 Thunderbird/12.0.1 Lightning/1.4"
192.168.0.249 - - [02/Oct/2012:09:26:45 +0200] "GET /SiteWebIF/Intranet-etudiant.php HTTP/1.1" 302 477 "http://if.insa-lyon.fr/" "Mozilla/5.0 (Windows NT 6.1; WOW64) AppleWebKit/537.4 (KHTML, like Gecko) Chrome/22.0.1229.79 Safari/537.4"
192.168.0.249 - - [02/Oct/2012:09:26:58 +0200] "GET /SiteWebIF/Intranet-etudiant.php?ticket=ST-179315-VWYGTnEHiykIEbwRLgUs-dsi-vm03 HTTP/1.1" 302 - "-" "Mozilla/5.0 (Windows NT 6.1; WOW64) AppleWebKit/537.4 (KHTML, like Gecko) Chrome/22.0.1229.79 Safari/537.4"
192.168.0.249 - - [02/Oct/2012:09:26:59 +0200] "GET /SiteWebIF/Intranet-etudiant.php HTTP/1.1" 200 3785 "-" "Mozilla/5.0 (Windows NT 6.1; WOW64) AppleWebKit/537.4 (KHTML, like Gecko) Chrome/22.0.1229.79 Safari/537.4"
192.168.1.84 - - [02/Oct/2012:09:27:01 +0200] "GET /temps/GO.ics HTTP/1.1" 200 10971 "-" "iCal/1395.7 CFNetwork/454.12.4 Darwin/10.8.0 (i386) (MacBookPro5%2C2)"
192.168.0.249 - - [02/Oct/2012:09:27:03 +0200] "GET /stages/ListePFE.php HTTP/1.1" 200 87067 "http://intranet-if.insa-lyon.fr/SiteWebIF/Intranet-etudiant.php" "Mozilla/5.0 (Windows NT 6.1; WOW64) AppleWebKit/537.4 (KHTML, like Gecko) Chrome/22.0.1229.79 Safari/537.4"
192.168.0.249 - - [02/Oct/2012:09:27:12 +0200] "GET /SiteWebIF/Intranet-etudiant.php HTTP/1.1" 200 1815 "-" "Mozilla/5.0 (Windows NT 6.1; WOW64) AppleWebKit/537.4 (KHTML, like Gecko) Chrome/22.0.1229.79 Safari/537.4"
192.168.0.249 - - [02/Oct/2012:09:27:13 +0200] "GET /stages/style_pfe.css HTTP/1.1" 304 - "http://intranet-if.insa-lyon.fr/SiteWebIF/Intranet-etudiant.php" "Mozilla/5.0 (Windows NT 6.1; WOW64) AppleWebKit/537.4 (KHTML, like Gecko) Chrome/22.0.1229.79 Safari/537.4"
192.168.0.249 - - [02/Oct/2012:09:27:13 +0200] "GET /stages/bandeauFinal.jpg HTTP/1.1" 304 - "http://intranet-if.insa-lyon.fr/SiteWebIF/Intranet-etudiant.php" "Mozilla/5.0 (Windows NT 6.1; WOW64) AppleWebKit/537.4 (KHTML, like Gecko) Chrome/22.0.1229.79 Safari/537.4"
192.168.4.200 - - [02/Oct/2012:09:29:57 +0200] "GET /SiteWebIF/Intranet-etudiant.php HTTP/1.1" 302 477 "http://if.insa-lyon.fr/" "Mozilla/5.0 (Windows NT 6.1; WOW64; rv:15.0) Gecko/20100101 Firefox/15.0.1"
192.168.4.200 - - [02/Oct/2012:09:29:57 +0200] "GET /SiteWebIF/Intranet-etudiant.php?ticket=ST-179395-i35wB1T7FlpwK4H5IT2J-dsi-vm03 HTTP/1.1" 302 - "http://if.insa-lyon.fr/" "Mozilla/5.0 (Windows NT 6.1; WOW64; rv:15.0) Gecko/20100101 Firefox/15.0.1"
192.168.4.200 - - [02/Oct/2012:09:29:57 +0200] "GET /SiteWebIF/Intranet-etudiant.php HTTP/1.1" 200 3828 "http://if.insa-lyon.fr/" "Mozilla/5.0 (Windows NT 6.1; WOW64; rv:15.0) Gecko/20100101 Firefox/15.0.1"
192.168.4.200 - - [02/Oct/2012:09:29:57 +0200] "GET /stages/style_pfe.css HTTP/1.1" 200 895 "http://intranet-if.insa-lyon.fr/SiteWebIF/Intranet-etudiant.php" "Mozilla/5.0 (Windows NT 6.1; WOW64; rv:15.0) Gecko/20100101 Firefox/15.0.1"
192.168.4.200 - - [02/Oct/2012:09:29:57 +0200] "GET /stages/InsaIF.ico HTTP/1.1" 200 766 "-" "Mozilla/5.0 (Windows NT 6.1; WOW64; rv:15.0) Gecko/20100101 Firefox/15.0.1"
192.168.4.200 - - [02/Oct/2012:09:29:57 +0200] "GET /stages/FondInsa.jpg HTTP/1.1" 200 2828 "http://intranet-if.insa-lyon.fr/stages/style_pfe.css" "Mozilla/5.0 (Windows NT 6.1; WOW64; rv:15.0) Gecko/20100101 Firefox/15.0.1"
192.168.4.200 - - [02/Oct/2012:09:29:57 +0200] "GET /stages/bandeauFinal.jpg HTTP/1.1" 200 50390 "http://intranet-if.insa-lyon.fr/SiteWebIF/Intranet-etudiant.php" "Mozilla/5.0 (Windows NT 6.1; WOW64; rv:15.0) Gecko/20100101 Firefox/15.0.1"
192.168.4.200 - - [02/Oct/2012:09:29:59 +0200] "GET /temps/ HTTP/1.1" 200 6835 "http://intranet-if.insa-lyon.fr/SiteWebIF/Intranet-etudiant.php" "Mozilla/5.0 (Windows NT 6.1; WOW64; rv:15.0) Gecko/20100101 Firefox/15.0.1"
192.168.4.200 - - [02/Oct/2012:09:29:59 +0200] "GET /temps/style_emploi_du_temps.css HTTP/1.1" 200 1216 "http://intranet-if.insa-lyon.fr/temps/" "Mozilla/5.0 (Windows NT 6.1; WOW64; rv:15.0) Gecko/20100101 Firefox/15.0.1"
192.168.4.200 - - [02/Oct/2012:09:29:59 +0200] "GET /temps/InsaIF.ico HTTP/1.1" 200 766 "-" "Mozilla/5.0 (Windows NT 6.1; WOW64; rv:15.0) Gecko/20100101 Firefox/15.0.1"
192.168.4.200 - - [02/Oct/2012:09:29:59 +0200] "GET /temps/FondInsa.jpg HTTP/1.1" 200 2828 "http://intranet-if.insa-lyon.fr/temps/style_emploi_du_temps.css" "Mozilla/5.0 (Windows NT 6.1; WOW64; rv:15.0) Gecko/20100101 Firefox/15.0.1"
192.168.4.200 - - [02/Oct/2012:09:30:00 +0200] "GET /temps/3IF40.html HTTP/1.1" 200 23794 "http://intranet-if.insa-lyon.fr/temps/" "Mozilla/5.0 (Windows NT 6.1; WOW64; rv:15.0) Gecko/20100101 Firefox/15.0.1"
192.168.4.200 - - [02/Oct/2012:09:30:01 +0200] "GET /temps/precedent.gif HTTP/1.1" 200 1906 "http://intranet-if.insa-lyon.fr/temps/3IF40.html" "Mozilla/5.0 (Windows NT 6.1; WOW64; rv:15.0) Gecko/20100101 Firefox/15.0.1"
192.168.4.200 - - [02/Oct/2012:09:30:01 +0200] "GET /temps/choix.gif HTTP/1.1" 200 2836 "http://intranet-if.insa-lyon.fr/temps/3IF40.html" "Mozilla/5.0 (Windows NT 6.1; WOW64; rv:15.0) Gecko/20100101 Firefox/15.0.1"
192.168.4.200 - - [02/Oct/2012:09:30:01 +0200] "GET /temps/suivant.gif HTTP/1.1" 200 1634 "http://intranet-if.insa-lyon.fr/temps/3IF40.html" "Mozilla/5.0 (Windows NT 6.1; WOW64; rv:15.0) Gecko/20100101 Firefox/15.0.1"
192.168.5.101 - - [02/Oct/2012:09:33:58 +0200] "GET /dns/ HTTP/1.1" 401 401 "-" "Mozilla/5.0 (Windows NT 6.1; rv:10.0.2) Gecko/20100101 Firefox/10.0.2"
192.168.5.101 - - [02/Oct/2012:09:34:08 +0200] "GET /dns/ HTTP/1.1" 200 2025 "-" "Mozilla/5.0 (Windows NT 6.1; rv:10.0.2) Gecko/20100101 Firefox/10.0.2"
192.168.5.101 - - [02/Oct/2012:09:34:08 +0200] "GET /favicon.ico HTTP/1.1" 401 401 "-" "Mozilla/5.0 (Windows NT 6.1; rv:10.0.2) Gecko/20100101 Firefox/10.0.2"
192.168.5.101 - - [02/Oct/2012:09:34:08 +0200] "GET /favicon.ico HTTP/1.1" 404 209 "-" "Mozilla/5.0 (Windows NT 6.1; rv:10.0.2) Gecko/20100101 Firefox/10.0.2"
192.168.5.101 - - [02/Oct/2012:09:34:08 +0200] "GET /favicon.ico HTTP/1.1" 404 209 "-" "Mozilla/5.0 (Windows NT 6.1; rv:10.0.2) Gecko/20100101 Firefox/10.0.2"
